Component: ARM Compiler 5.06 update 6 (build 750) Tool: armlink [4d35ed]

==============================================================================

Section Cross References

    startup_stm32f407xx.o(STACK) refers (Special) to heapauxi.o(.text) for __use_two_region_memory
    startup_stm32f407xx.o(HEAP) refers (Special) to heapauxi.o(.text) for __use_two_region_memory
    startup_stm32f407xx.o(RESET) refers (Special) to heapauxi.o(.text) for __use_two_region_memory
    startup_stm32f407xx.o(RESET) refers to startup_stm32f407xx.o(STACK) for __initial_sp
    startup_stm32f407xx.o(RESET) refers to startup_stm32f407xx.o(.text) for Reset_Handler
    startup_stm32f407xx.o(RESET) refers to stm32f4xx_it.o(i.NMI_Handler) for NMI_Handler
    startup_stm32f407xx.o(RESET) refers to stm32f4xx_it.o(i.HardFault_Handler) for HardFault_Handler
    startup_stm32f407xx.o(RESET) refers to stm32f4xx_it.o(i.MemManage_Handler) for MemManage_Handler
    startup_stm32f407xx.o(RESET) refers to stm32f4xx_it.o(i.BusFault_Handler) for BusFault_Handler
    startup_stm32f407xx.o(RESET) refers to stm32f4xx_it.o(i.UsageFault_Handler) for UsageFault_Handler
    startup_stm32f407xx.o(RESET) refers to stm32f4xx_it.o(i.SVC_Handler) for SVC_Handler
    startup_stm32f407xx.o(RESET) refers to stm32f4xx_it.o(i.DebugMon_Handler) for DebugMon_Handler
    startup_stm32f407xx.o(RESET) refers to stm32f4xx_it.o(i.PendSV_Handler) for PendSV_Handler
    startup_stm32f407xx.o(RESET) refers to stm32f4xx_it.o(i.SysTick_Handler) for SysTick_Handler
    startup_stm32f407xx.o(RESET) refers to stm32f4xx_it.o(i.CAN1_TX_IRQHandler) for CAN1_TX_IRQHandler
    startup_stm32f407xx.o(RESET) refers to stm32f4xx_it.o(i.CAN1_RX0_IRQHandler) for CAN1_RX0_IRQHandler
    startup_stm32f407xx.o(RESET) refers to stm32f4xx_it.o(i.CAN1_RX1_IRQHandler) for CAN1_RX1_IRQHandler
    startup_stm32f407xx.o(RESET) refers to stm32f4xx_it.o(i.CAN1_SCE_IRQHandler) for CAN1_SCE_IRQHandler
    startup_stm32f407xx.o(RESET) refers to stm32f4xx_it.o(i.USART1_IRQHandler) for USART1_IRQHandler
    startup_stm32f407xx.o(RESET) refers to stm32f4xx_it.o(i.USART6_IRQHandler) for USART6_IRQHandler
    startup_stm32f407xx.o(.text) refers (Special) to heapauxi.o(.text) for __use_two_region_memory
    startup_stm32f407xx.o(.text) refers to system_stm32f4xx.o(i.SystemInit) for SystemInit
    startup_stm32f407xx.o(.text) refers to __main.o(!!!main) for __main
    startup_stm32f407xx.o(.text) refers to startup_stm32f407xx.o(HEAP) for Heap_Mem
    startup_stm32f407xx.o(.text) refers to startup_stm32f407xx.o(STACK) for Stack_Mem
    main.o(i.HAL_UART_RxCpltCallback) refers to stm32f4xx_hal_uart.o(i.HAL_UART_Receive_IT) for HAL_UART_Receive_IT
    main.o(i.HAL_UART_RxCpltCallback) refers to main.o(.data) for uart1_rx_state
    main.o(i.HAL_UART_RxCpltCallback) refers to main.o(.bss) for uart1_rx_buffer
    main.o(i.MX_CAN1_Init) refers to stm32f4xx_hal_can.o(i.HAL_CAN_Init) for HAL_CAN_Init
    main.o(i.MX_CAN1_Init) refers to main.o(i.Error_Handler) for Error_Handler
    main.o(i.MX_CAN1_Init) refers to stm32f4xx_hal_can.o(i.HAL_CAN_ConfigFilter) for HAL_CAN_ConfigFilter
    main.o(i.MX_CAN1_Init) refers to main.o(.bss) for hcan1
    main.o(i.MX_USART1_UART_Init) refers to stm32f4xx_hal_uart.o(i.HAL_UART_Init) for HAL_UART_Init
    main.o(i.MX_USART1_UART_Init) refers to main.o(i.Error_Handler) for Error_Handler
    main.o(i.MX_USART1_UART_Init) refers to main.o(.bss) for huart1
    main.o(i.MX_USART6_UART_Init) refers to stm32f4xx_hal_uart.o(i.HAL_UART_Init) for HAL_UART_Init
    main.o(i.MX_USART6_UART_Init) refers to main.o(i.Error_Handler) for Error_Handler
    main.o(i.MX_USART6_UART_Init) refers to main.o(.bss) for huart6
    main.o(i.SystemClock_Config) refers to rt_memclr_w.o(.text) for __aeabi_memclr4
    main.o(i.SystemClock_Config) refers to stm32f4xx_hal_rcc.o(i.HAL_RCC_OscConfig) for HAL_RCC_OscConfig
    main.o(i.SystemClock_Config) refers to main.o(i.Error_Handler) for Error_Handler
    main.o(i.SystemClock_Config) refers to stm32f4xx_hal_rcc.o(i.HAL_RCC_ClockConfig) for HAL_RCC_ClockConfig
    main.o(i.main) refers to stm32f4xx_hal.o(i.HAL_Init) for HAL_Init
    main.o(i.main) refers to main.o(i.SystemClock_Config) for SystemClock_Config
    main.o(i.main) refers to main.o(i.MX_GPIO_Init) for MX_GPIO_Init
    main.o(i.main) refers to main.o(i.MX_CAN1_Init) for MX_CAN1_Init
    main.o(i.main) refers to main.o(i.MX_USART6_UART_Init) for MX_USART6_UART_Init
    main.o(i.main) refers to main.o(i.MX_USART1_UART_Init) for MX_USART1_UART_Init
    main.o(i.main) refers to stm32f4xx_hal_can.o(i.HAL_CAN_Start) for HAL_CAN_Start
    main.o(i.main) refers to stm32f4xx_hal.o(i.HAL_Delay) for HAL_Delay
    main.o(i.main) refers to dm-motor_control.o(i.DM_Motor_Init) for DM_Motor_Init
    main.o(i.main) refers to stm32f4xx_hal_uart.o(i.HAL_UART_Receive_IT) for HAL_UART_Receive_IT
    main.o(i.main) refers to f2d.o(x$fpl$f2d) for __aeabi_f2d
[...]
    .text                                    0x08000bc8   Section       74  sys_stackheap_outer.o(.text)
    .text                                    0x08000c12   Section        0  exit.o(.text)
    .text                                    0x08000c24   Section      128  strcmpv7m.o(.text)
    .text                                    0x08000ca4   Section        0  sys_exit.o(.text)
    .text                                    0x08000cb0   Section        2  use_no_semi.o(.text)
    .text                                    0x08000cb2   Section        0  indicate_semi.o(.text)
    CL$$btod_d2e                             0x08000cb2   Section       62  btod.o(CL$$btod_d2e)
    CL$$btod_d2e_denorm_low                  0x08000cf0   Section       70  btod.o(CL$$btod_d2e_denorm_low)
    CL$$btod_d2e_norm_op1                    0x08000d36   Section       96  btod.o(CL$$btod_d2e_norm_op1)
    CL$$btod_div_common                      0x08000d96   Section      824  btod.o(CL$$btod_div_common)
    CL$$btod_e2e                             0x080010ce   Section      220  btod.o(CL$$btod_e2e)
    CL$$btod_ediv                            0x080011aa   Section       42  btod.o(CL$$btod_ediv)
    CL$$btod_emul                            0x080011d4   Section       42  btod.o(CL$$btod_emul)
    CL$$btod_mult_common                     0x080011fe   Section      580  btod.o(CL$$btod_mult_common)
    i.BusFault_Handler                       0x08001442   Section        0  stm32f4xx_it.o(i.BusFault_Handler)
    i.CAN1_RX0_IRQHandler                    0x08001448   Section        0  stm32f4xx_it.o(i.CAN1_RX0_IRQHandler)
    i.CAN1_RX1_IRQHandler                    0x08001458   Section        0  stm32f4xx_it.o(i.CAN1_RX1_IRQHandler)
    i.CAN1_SCE_IRQHandler                    0x08001468   Section        0  stm32f4xx_it.o(i.CAN1_SCE_IRQHandler)
    i.CAN1_TX_IRQHandler                     0x08001478   Section        0  stm32f4xx_it.o(i.CAN1_TX_IRQHandler)
    i.DM_Motor_FootData_SendVOFA_Firewater   0x08001488   Section        0  dog_control.o(i.DM_Motor_FootData_SendVOFA_Firewater)
    i.DM_Motor_Init                          0x08001514   Section        0  dm-motor_control.o(i.DM_Motor_Init)
    i.DM_Motor_Send                          0x080015b4   Section        0  dm-motor_control.o(i.DM_Motor_Send)
    i.DebugMon_Handler                       0x08001754   Section        0  stm32f4xx_it.o(i.DebugMon_Handler)
    i.Error_Handler                          0x08001756   Section        0  main.o(i.Error_Handler)
    i.FootXY_map_MotorAngle                  0x0800175c   Section        0  dog_control.o(i.FootXY_map_MotorAngle)
    i.Foot_control                           0x08001aa0   Section        0  dog_control.o(i.Foot_control)
    i.HAL_CAN_AddTxMessage                   0x08001ac4   Section        0  stm32f4xx_hal_can.o(i.HAL_CAN_AddTxMessage)
    i.HAL_CAN_ConfigFilter                   0x08001c10   Section        0  stm32f4xx_hal_can.o(i.HAL_CAN_ConfigFilter)
    i.HAL_CAN_ErrorCallback                  0x08001d30   Section        0  stm32f4xx_hal_can.o(i.HAL_CAN_ErrorCallback)
    i.HAL_CAN_IRQHandler                     0x08001d32   Section        0  stm32f4xx_hal_can.o(i.HAL_CAN_IRQHandler)
    i.HAL_CAN_Init                           0x08001f80   Section        0  stm32f4xx_hal_can.o(i.HAL_CAN_Init)
    i.HAL_CAN_MspInit                        0x080020f4   Section        0  stm32f4xx_hal_msp.o(i.HAL_CAN_MspInit)
    i.HAL_CAN_RxFifo0FullCallback            0x080021bc   Section        0  stm32f4xx_hal_can.o(i.HAL_CAN_RxFifo0FullCallback)
    i.HAL_CAN_RxFifo0MsgPendingCallback      0x080021be   Section        0  stm32f4xx_hal_can.o(i.HAL_CAN_RxFifo0MsgPendingCallback)
    i.HAL_CAN_RxFifo1FullCallback            0x080021c0   Section        0  stm32f4xx_hal_can.o(i.HAL_CAN_RxFifo1FullCallback)
    i.HAL_CAN_RxFifo1MsgPendingCallback      0x080021c2   Section        0  stm32f4xx_hal_can.o(i.HAL_CAN_RxFifo1MsgPendingCallback)
    i.HAL_CAN_SleepCallback                  0x080021c4   Section        0  stm32f4xx_hal_can.o(i.HAL_CAN_SleepCallback)
    i.HAL_CAN_Start                          0x080021c6   Section        0  stm32f4xx_hal_can.o(i.HAL_CAN_Start)
    i.HAL_CAN_TxMailbox0AbortCallback        0x08002224   Section        0  stm32f4xx_hal_can.o(i.HAL_CAN_TxMailbox0AbortCallback)
    i.HAL_CAN_TxMailbox0CompleteCallback     0x08002226   Section        0  stm32f4xx_hal_can.o(i.HAL_CAN_TxMailbox0CompleteCallback)
    i.HAL_CAN_TxMailbox1AbortCallback        0x08002228   Section        0  stm32f4xx_hal_can.o(i.HAL_CAN_TxMailbox1AbortCallback)
    i.HAL_CAN_TxMailbox1CompleteCallback     0x0800222a   Section        0  stm32f4xx_hal_can.o(i.HAL_CAN_TxMailbox1CompleteCallback)
    i.HAL_CAN_TxMailbox2AbortCallback        0x0800222c   Section        0  stm32f4xx_hal_can.o(i.HAL_CAN_TxMailbox2AbortCallback)
    i.HAL_CAN_TxMailbox2CompleteCallback     0x0800222e   Section        0  stm32f4xx_hal_can.o(i.HAL_CAN_TxMailbox2CompleteCallback)
    i.HAL_CAN_WakeUpFromRxMsgCallback        0x08002230   Section        0  stm32f4xx_hal_can.o(i.HAL_CAN_WakeUpFromRxMsgCallback)
    i.HAL_DMA_Abort                          0x08002232   Section        0  stm32f4xx_hal_dma.o(i.HAL_DMA_Abort)
    i.HAL_DMA_Abort_IT                       0x080022de   Section        0  stm32f4xx_hal_dma.o(i.HAL_DMA_Abort_IT)
    i.HAL_Delay                              0x08002308   Section        0  stm32f4xx_hal.o(i.HAL_Delay)
    i.HAL_GPIO_Init                          0x08002330   Section        0  stm32f4xx_hal_gpio.o(i.HAL_GPIO_Init)
    i.HAL_GetTick                            0x08002524   Section        0  stm32f4xx_hal.o(i.HAL_GetTick)
    i.HAL_IncTick                            0x08002530   Section        0  stm32f4xx_hal.o(i.HAL_IncTick)
    i.HAL_Init                               0x08002548   Section        0  stm32f4xx_hal.o(i.HAL_Init)
    i.HAL_InitTick                           0x08002584   Section        0  stm32f4xx_hal.o(i.HAL_InitTick)
    i.HAL_MspInit                            0x080025d0   Section        0  stm32f4xx_hal_msp.o(i.HAL_MspInit)
    i.HAL_NVIC_EnableIRQ                     0x08002618   Section        0  stm32f4xx_hal_cortex.o(i.HAL_NVIC_EnableIRQ)
    i.HAL_NVIC_SetPriority                   0x08002640   Section        0  stm32f4xx_hal_cortex.o(i.HAL_NVIC_SetPriority)
    i.HAL_NVIC_SetPriorityGrouping           0x080026bc   Section        0  stm32f4xx_hal_cortex.o(i.HAL_NVIC_SetPriorityGrouping)
    i.HAL_RCC_ClockConfig                    0x080026e4   Section        0  stm32f4xx_hal_rcc.o(i.HAL_RCC_ClockConfig)
    i.HAL_RCC_GetHCLKFreq                    0x08002868   Section        0  stm32f4xx_hal_rcc.o(i.HAL_RCC_GetHCLKFreq)
    i.HAL_RCC_GetPCLK1Freq                   0x08002874   Section        0  stm32f4xx_hal_rcc.o(i.HAL_RCC_GetPCLK1Freq)
    i.HAL_RCC_GetPCLK2Freq                   0x08002894   Section        0  stm32f4xx_hal_rcc.o(i.HAL_RCC_GetPCLK2Freq)
    i.HAL_RCC_GetSysClockFreq                0x080028b4   Section        0  stm32f4xx_hal_rcc.o(i.HAL_RCC_GetSysClockFreq)
    i.HAL_RCC_OscConfig                      0x08002964   Section        0  stm32f4xx_hal_rcc.o(i.HAL_RCC_OscConfig)
    i.HAL_SYSTICK_Config                     0x08002e00   Section        0  stm32f4xx_hal_cortex.o(i.HAL_SYSTICK_Config)
    i.HAL_UARTEx_RxEventCallback             0x08002e34   Section        0  stm32f4xx_hal_uart.o(i.HAL_UARTEx_RxEventCallback)
    i.HAL_UART_ErrorCallback                 0x08002e36   Section        0  stm32f4xx_hal_uart.o(i.HAL_UART_ErrorCallback)
    i.HAL_UART_IRQHandler                    0x08002e38   Section        0  stm32f4xx_hal_uart.o(i.HAL_UART_IRQHandler)
    i.HAL_UART_Init                          0x08003140   Section        0  stm32f4xx_hal_uart.o(i.HAL_UART_Init)
    i.HAL_UART_MspInit                       0x080031b8   Section        0  stm32f4xx_hal_msp.o(i.HAL_UART_MspInit)
    i.HAL_UART_Receive_IT                    0x080032d4   Section        0  stm32f4xx_hal_uart.o(i.HAL_UART_Receive_IT)
    i.HAL_UART_RxCpltCallback                0x08003300   Section        0  main.o(i.HAL_UART_RxCpltCallback)
    i.HAL_UART_Transmit                      0x0800341c   Section        0  stm32f4xx_hal_uart.o(i.HAL_UART_Transmit)
    i.HAL_UART_TxCpltCallback                0x080034da   Section        0  stm32f4xx_hal_uart.o(i.HAL_UART_TxCpltCallback)
    i.HardFault_Handler                      0x080034dc   Section        0  stm32f4xx_it.o(i.HardFault_Handler)
    i.MX_CAN1_Init                           0x080034e0   Section        0  main.o(i.MX_CAN1_Init)
    MX_CAN1_Init                             0x080034e1   Thumb Code   102  main.o(i.MX_CAN1_Init)
    i.MX_GPIO_Init                           0x08003550   Section        0  main.o(i.MX_GPIO_Init)
    MX_GPIO_Init                             0x08003551   Thumb Code   126  main.o(i.MX_GPIO_Init)
    i.MX_USART1_UART_Init                    0x080035d4   Section        0  main.o(i.MX_USART1_UART_Init)
    MX_USART1_UART_Init                      0x080035d5   Thumb Code    46  main.o(i.MX_USART1_UART_Init)
    i.MX_USART6_UART_Init                    0x0800360c   Section        0  main.o(i.MX_USART6_UART_Init)
    MX_USART6_UART_Init                      0x0800360d   Thumb Code    46  main.o(i.MX_USART6_UART_Init)
    i.MemManage_Handler                      0x08003644   Section        0  stm32f4xx_it.o(i.MemManage_Handler)
    i.NMI_Handler                            0x08003648   Section        0  stm32f4xx_it.o(i.NMI_Handler)
    i.PendSV_Handler                         0x0800364c   Section        0  stm32f4xx_it.o(i.PendSV_Handler)
    i.SVC_Handler                            0x0800364e   Section        0  stm32f4xx_it.o(i.SVC_Handler)
    i.SysTick_Handler                        0x08003650   Section        0  stm32f4xx_it.o(i.SysTick_Handler)
    i.SystemClock_Config                     0x08003658   Section        0  main.o(i.SystemClock_Config)
    i.SystemInit                             0x0800370c   Section        0  system_stm32f4xx.o(i.SystemInit)
    i.UART_DMAAbortOnError                   0x08003720   Section        0  stm32f4xx_hal_uart.o(i.UART_DMAAbortOnError)
    UART_DMAAbortOnError                     0x08003721   Thumb Code    18  stm32f4xx_hal_uart.o(i.UART_DMAAbortOnError)
    i.UART_EndRxTransfer                     0x08003732   Section        0  stm32f4xx_hal_uart.o(i.UART_EndRxTransfer)
    UART_EndRxTransfer                       0x08003733   Thumb Code   108  stm32f4xx_hal_uart.o(i.UART_EndRxTransfer)
    i.UART_EndTransmit_IT                    0x0800379e   Section        0  stm32f4xx_hal_uart.o(i.UART_EndTransmit_IT)
    UART_EndTransmit_IT                      0x0800379f   Thumb Code    32  stm32f4xx_hal_uart.o(i.UART_EndTransmit_IT)
    i.UART_Receive_IT                        0x080037be   Section        0  stm32f4xx_hal_uart.o(i.UART_Receive_IT)
    UART_Receive_IT                          0x080037bf   Thumb Code   252  stm32f4xx_hal_uart.o(i.UART_Receive_IT)
    i.UART_SetConfig                         0x080038bc   Section        0  stm32f4xx_hal_uart.o(i.UART_SetConfig)
    UART_SetConfig                           0x080038bd   Thumb Code   546  stm32f4xx_hal_uart.o(i.UART_SetConfig)
    i.UART_Start_Receive_IT                  0x08003ae8   Section        0  stm32f4xx_hal_uart.o(i.UART_Start_Receive_IT)
    i.UART_Transmit_IT                       0x08003b28   Section        0  stm32f4xx_hal_uart.o(i.UART_Transmit_IT)
    UART_Transmit_IT                         0x08003b29   Thumb Code    96  stm32f4xx_hal_uart.o(i.UART_Transmit_IT)
    i.UART_WaitOnFlagUntilTimeout            0x08003b88   Section        0  stm32f4xx_hal_uart.o(i.UART_WaitOnFlagUntilTimeout)
    UART_WaitOnFlagUntilTimeout              0x08003b89   Thumb Code   140  stm32f4xx_hal_uart.o(i.UART_WaitOnFlagUntilTimeout)
    i.USART1_IRQHandler                      0x08003c14   Section        0  stm32f4xx_it.o(i.USART1_IRQHandler)
    i.USART6_IRQHandler                      0x08003c24   Section        0  stm32f4xx_it.o(i.USART6_IRQHandler)
    i.UsageFault_Handler                     0x08003c34   Section        0  stm32f4xx_it.o(i.UsageFault_Handler)
    i.__ARM_fpclassify                       0x08003c38   Section        0  fpclassify.o(i.__ARM_fpclassify)
    i.__NVIC_GetPriorityGrouping             0x08003c68   Section        0  stm32f4xx_hal_cortex.o(i.__NVIC_GetPriorityGrouping)
    __NVIC_GetPriorityGrouping               0x08003c69   Thumb Code    10  stm32f4xx_hal_cortex.o(i.__NVIC_GetPriorityGrouping)
    i.__NVIC_SetPriority                     0x08003c78   Section        0  stm32f4xx_hal_cortex.o(i.__NVIC_SetPriority)
    __NVIC_SetPriority                       0x08003c79   Thumb Code    32  stm32f4xx_hal_cortex.o(i.__NVIC_SetPriority)
    i.__hardfp_acos                          0x08003ca0   Section        0  acos.o(i.__hardfp_acos)
    i.__hardfp_atan                          0x08003ff8   Section        0  atan.o(i.__hardfp_atan)
    i.__hardfp_atan2                         0x080042d0   Section        0  atan2.o(i.__hardfp_atan2)
    i.__hardfp_fabs                          0x080044c0   Section        0  fabs.o(i.__hardfp_fabs)
    i.__hardfp_roundf                        0x080044d4   Section        0  roundf.o(i.__hardfp_roundf)
    i.__hardfp_sqrt                          0x0800456e   Section        0  sqrt.o(i.__hardfp_sqrt)
    i.__kernel_poly                          0x080045e8   Section        0  poly.o(i.__kernel_poly)
    i.__mathlib_dbl_infnan                   0x080046e0   Section        0  dunder.o(i.__mathlib_dbl_infnan)
    i.__mathlib_dbl_infnan2                  0x080046f4   Section        0  dunder.o(i.__mathlib_dbl_infnan2)
    i.__mathlib_dbl_invalid                  0x08004708   Section        0  dunder.o(i.__mathlib_dbl_invalid)
    i.__mathlib_dbl_underflow                0x08004728   Section        0  dunder.o(i.__mathlib_dbl_underflow)
    i._is_digit                              0x08004748   Section        0  __printf_wp.o(i._is_digit)
    i.atan                                   0x08004756   Section        0  atan.o(i.atan)
    i.fabs                                   0x08004766   Section        0  fabs.o(i.fabs)
    i.float_to_uint                          0x0800477e   Section        0  dm-motor_control.o(i.float_to_uint)
    i.main                                   0x080047f8   Section        0  main.o(i.main)
    i.sqrt                                   0x08004c88   Section        0  sqrt.o(i.sqrt)
    locale$$code                             0x08004cf8   Section       44  lc_numeric_c.o(locale$$code)
    x$fpl$basic                              0x08004d24   Section       24  basic.o(x$fpl$basic)
    $v0                                      0x08004d24   Number         0  basic.o(x$fpl$basic)
    x$fpl$d2f                                0x08004d3c   Section       98  d2f.o(x$fpl$d2f)
    $v0                                      0x08004d3c   Number         0  d2f.o(x$fpl$d2f)
    x$fpl$dadd                               0x08004da0   Section      336  daddsub_clz.o(x$fpl$dadd)
    $v0                                      0x08004da0   Number         0  daddsub_clz.o(x$fpl$dadd)
    _dadd1                                   0x08004db1   Thumb Code     0  daddsub_clz.o(x$fpl$dadd)
    x$fpl$dcmpinf                            0x08004ef0   Section       24  dcmpi.o(x$fpl$dcmpinf)
    $v0                                      0x08004ef0   Number         0  dcmpi.o(x$fpl$dcmpinf)
    x$fpl$ddiv                               0x08004f08   Section      688  ddiv.o(x$fpl$ddiv)
    $v0                                      0x08004f08   Number         0  ddiv.o(x$fpl$ddiv)
    ddiv_entry                               0x08004f0f   Thumb Code     0  ddiv.o(x$fpl$ddiv)
    x$fpl$dleqf                              0x080051b8   Section      120  dleqf.o(x$fpl$dleqf)
    $v0                                      0x080051b8   Number         0  dleqf.o(x$fpl$dleqf)
    x$fpl$dmul                               0x08005230   Section      340  dmul.o(x$fpl$dmul)
    $v0                                      0x08005230   Number         0  dmul.o(x$fpl$dmul)
    x$fpl$dnaninf                            0x08005384   Section      156  dnaninf.o(x$fpl$dnaninf)
    $v0                                      0x08005384   Number         0  dnaninf.o(x$fpl$dnaninf)
    x$fpl$dretinf                            0x08005420   Section       12  dretinf.o(x$fpl$dretinf)
    $v0                                      0x08005420   Number         0  dretinf.o(x$fpl$dretinf)
    x$fpl$drleqf                             0x0800542c   Section      108  drleqf.o(x$fpl$drleqf)
    $v0                                      0x0800542c   Number         0  drleqf.o(x$fpl$drleqf)
    x$fpl$drsb                               0x08005498   Section       22  daddsub_clz.o(x$fpl$drsb)
    $v0                                      0x08005498   Number         0  daddsub_clz.o(x$fpl$drsb)
    x$fpl$dsqrt                              0x080054b0   Section      408  dsqrt_umaal.o(x$fpl$dsqrt)
    $v0                                      0x080054b0   Number         0  dsqrt_umaal.o(x$fpl$dsqrt)
    x$fpl$dsub                               0x08005648   Section      468  daddsub_clz.o(x$fpl$dsub)
    $v0                                      0x08005648   Number         0  daddsub_clz.o(x$fpl$dsub)
    _dsub1                                   0x08005659   Thumb Code     0  daddsub_clz.o(x$fpl$dsub)
    x$fpl$f2d                                0x0800581c   Section       86  f2d.o(x$fpl$f2d)
    $v0                                      0x0800581c   Number         0  f2d.o(x$fpl$f2d)
    x$fpl$fnaninf                            0x08005872   Section      140  fnaninf.o(x$fpl$fnaninf)
    $v0                                      0x08005872   Number         0  fnaninf.o(x$fpl$fnaninf)
    x$fpl$fpinit                             0x080058fe   Section       10  fpinit.o(x$fpl$fpinit)
    $v0                                      0x080058fe   Number         0  fpinit.o(x$fpl$fpinit)
    x$fpl$fretinf                            0x08005908   Section       10  fretinf.o(x$fpl$fretinf)
    $v0                                      0x08005908   Number         0  fretinf.o(x$fpl$fretinf)
    x$fpl$frnd                               0x08005914   Section       96  frnd.o(x$fpl$frnd)
    $v0                                      0x08005914   Number         0  frnd.o(x$fpl$frnd)
    x$fpl$printf1                            0x08005974   Section        4  printf1.o(x$fpl$printf1)
    $v0                                      0x08005974   Number         0  printf1.o(x$fpl$printf1)
    .constdata                               0x08005978   Section       24  system_stm32f4xx.o(.constdata)
    x$fpl$usenofp                            0x08005978   Section        0  usenofp.o(x$fpl$usenofp)
    .constdata                               0x08005990   Section       80  acos.o(.constdata)
    pS                                       0x08005990   Data          48  acos.o(.constdata)
    qS                                       0x080059c0   Data          32  acos.o(.constdata)
    .constdata                               0x080059e0   Section      152  atan.o(.constdata)
    atanhi                                   0x080059e0   Data          32  atan.o(.constdata)
    atanlo                                   0x08005a00   Data          32  atan.o(.constdata)
    aTodd                                    0x08005a20   Data          40  atan.o(.constdata)
    aTeven                                   0x08005a48   Data          48  atan.o(.constdata)
    .constdata                               0x08005a78   Section        8  qnan.o(.constdata)
    .constdata                               0x08005a80   Section      148  bigflt0.o(.constdata)
    tenpwrs_x                                0x08005a80   Data          60  bigflt0.o(.constdata)
    tenpwrs_i                                0x08005abc   Data          64  bigflt0.o(.constdata)
    locale$$data                             0x08005b34   Section       28  lc_numeric_c.o(locale$$data)
    __lcnum_c_name                           0x08005b38   Data           2  lc_numeric_c.o(locale$$data)
    __lcnum_c_start                          0x08005b40   Data           0  lc_numeric_c.o(locale$$data)
    __lcnum_c_point                          0x08005b4c   Data           0  lc_numeric_c.o(locale$$data)
    __lcnum_c_thousands                      0x08005b4e   Data           0  lc_numeric_c.o(locale$$data)
    __lcnum_c_grouping                       0x08005b4f   Data           0  lc_numeric_c.o(locale$$data)
    __lcnum_c_end                            0x08005b50   Data           0  lc_numeric_c.o(locale$$data)
    .data                                    0x20000000   Section       12  main.o(.data)
    .data                                    0x2000000c   Section        9  stm32f4xx_hal.o(.data)
    .data                                    0x20000018   Section        4  system_stm32f4xx.o(.data)
    .bss                                     0x2000001c   Section      196  main.o(.bss)
    .bss                                     0x200000e0   Section       96  libspace.o(.bss)
    HEAP                                     0x20000140   Section      512  startup_stm32f407xx.o(HEAP)
    Heap_Mem                                 0x20000140   Data         512  startup_stm32f407xx.o(HEAP)
    STACK                                    0x20000340   Section     1024  startup_stm32f407xx.o(STACK)
    Stack_Mem                                0x20000340   Data        1024  startup_stm32f407xx.o(STACK)
    __initial_sp                             0x20000740   Data           0  startup_stm32f407xx.o(STACK)

    Global Symbols

    Symbol Name                              Value     Ov Type        Size  Object(Section)

    BuildAttributes$$THM_ISAv4$E$P$D$K$B$S$7EM$VFPi3$EXTD16$VFPS$VFMA$PE$A:L22UL41UL21$X:L11$S22US41US21$IEEE1$IW$USESV6$~STKCKD$USESV7$~SHL$OTIME$ROPI$IEEEX$EBA8$UX$STANDARDLIB$REQ8$PRES8$EABIv2 0x00000000   Number         0  anon$$obj.o ABSOLUTE
    __ARM_use_no_argv                        0x00000000   Number         0  main.o ABSOLUTE
    _printf_flags                            0x00000000   Number         0  printf_stubs.o ABSOLUTE
    _printf_return_value                     0x00000000   Number         0  printf_stubs.o ABSOLUTE
    _printf_sizespec                         0x00000000   Number         0  printf_stubs.o ABSOLUTE
    _printf_widthprec                        0x00000000   Number         0  printf_stubs.o ABSOLUTE
    __ARM_exceptions_init                     - Undefined Weak Reference
    __alloca_initialize                       - Undefined Weak Reference
    __arm_preinit_                            - Undefined Weak Reference
    __cpp_initialize__aeabi_                  - Undefined Weak Reference
    __cxa_finalize                            - Undefined Weak Reference
    __sigvec_lookup                           - Undefined Weak Reference
    _atexit_init                              - Undefined Weak Reference
    _call_atexit_fns                          - Undefined Weak Reference
    _clock_init                               - Undefined Weak Reference
    _fp_trap_init                             - Undefined Weak Reference
    _fp_trap_shutdown                         - Undefined Weak Reference
    _get_lc_collate                           - Undefined Weak Reference
    _get_lc_monetary                          - Undefined Weak Reference
    _get_lc_time                              - Undefined Weak Reference
    _getenv_init                              - Undefined Weak Reference
    _handle_redirection                       - Undefined Weak Reference
    _init_alloc                               - Undefined Weak Reference
    _init_user_alloc                          - Undefined Weak Reference
    _initio                                   - Undefined Weak Reference
    _printf_post_padding                      - Undefined Weak Reference
    _printf_pre_padding                       - Undefined Weak Reference
    _printf_truncate_signed                   - Undefined Weak Reference
    _printf_truncate_unsigned                 - Undefined Weak Reference
    _rand_init                                - Undefined Weak Reference
    _scanf_int                                - Undefined Weak Reference
    _scanf_longlong                           - Undefined Weak Reference
    _scanf_mbtowc                             - Undefined Weak Reference
    _scanf_string                             - Undefined Weak Reference
    _scanf_wctomb                             - Undefined Weak Reference
    _scanf_wstring                            - Undefined Weak Reference
    _signal_finish                            - Undefined Weak Reference
    _signal_init                              - Undefined Weak Reference
    _terminate_alloc                          - Undefined Weak Reference
    _terminate_user_alloc                     - Undefined Weak Reference
    _terminateio                              - Undefined Weak Reference
    __Vectors_Size                           0x00000188   Number         0  startup_stm32f407xx.o ABSOLUTE
    __Vectors                                0x08000000   Data           4  startup_stm32f407xx.o(RESET)
    __Vectors_End                            0x08000188   Data           0  startup_stm32f407xx.o(RESET)
    __main                                   0x08000189   Thumb Code     8  __main.o(!!!main)
    __scatterload                            0x08000191   Thumb Code     0  __scatter.o(!!!scatter)
    __scatterload_rt2                        0x08000191   Thumb Code    44  __scatter.o(!!!scatter)
    __scatterload_rt2_thumb_only             0x08000191   Thumb Code     0  __scatter.o(!!!scatter)
    __scatterload_null                       0x0800019f   Thumb Code     0  __scatter.o(!!!scatter)
    __scatterload_copy                       0x080001c5   Thumb Code    26  __scatter_copy.o(!!handler_copy)
    __scatterload_zeroinit                   0x080001e1   Thumb Code    28  __scatter_zi.o(!!handler_zi)
    _printf_f                                0x080001fd   Thumb Code     0  _printf_f.o(.ARM.Collect$$_printf_percent$$00000003)
    _printf_percent                          0x080001fd   Thumb Code     0  _printf_percent.o(.ARM.Collect$$_printf_percent$$00000000)
    _printf_percent_end                      0x08000203   Thumb Code     0  _printf_percent_end.o(.ARM.Collect$$_printf_percent$$00000017)
    __rt_lib_init                            0x08000207   Thumb Code     0  libinit.o(.ARM.Collect$$libinit$$00000000)
    __rt_lib_init_fp_1                       0x08000209   Thumb Code     0  libinit2.o(.ARM.Collect$$libinit$$00000001)
    __rt_lib_init_heap_1                     0x0800020d   Thumb Code     0  libinit2.o(.ARM.Collect$$libinit$$0000000A)
    __rt_lib_init_lc_common                  0x0800020d   Thumb Code     0  libinit2.o(.ARM.Collect$$libinit$$0000000F)
    __rt_lib_init_preinit_1                  0x0800020d   Thumb Code     0  libinit2.o(.ARM.Collect$$libinit$$00000004)
    __rt_lib_init_rand_1                     0x0800020d   Thumb Code     0  libinit2.o(.ARM.Collect$$libinit$$0000000E)
    __rt_lib_init_user_alloc_1               0x0800020d   Thumb Code     0  libinit2.o(.ARM.Collect$$libinit$$0000000C)
    __rt_lib_init_lc_collate_1               0x08000213   Thumb Code     0  libinit2.o(.ARM.Collect$$libinit$$00000011)
    __rt_lib_init_lc_ctype_1                 0x08000213   Thumb Code     0  libinit2.o(.ARM.Collect$$libinit$$00000013)
    __rt_lib_init_lc_monetary_1              0x08000213   Thumb Code     0  libinit2.o(.ARM.Collect$$libinit$$00000015)
    __rt_lib_init_lc_numeric_2               0x08000213   Thumb Code     0  libinit2.o(.ARM.Collect$$libinit$$00000016)
    __rt_lib_init_alloca_1                   0x0800021d   Thumb Code     0  libinit2.o(.ARM.Collect$$libinit$$0000002E)
    __rt_lib_init_argv_1                     0x0800021d   Thumb Code     0  libinit2.o(.ARM.Collect$$libinit$$0000002C)
    __rt_lib_init_atexit_1                   0x0800021d   Thumb Code     0  libinit2.o(.ARM.Collect$$libinit$$0000001B)
    __rt_lib_init_clock_1                    0x0800021d   Thumb Code     0  libinit2.o(.ARM.Collect$$libinit$$00000021)
    __rt_lib_init_cpp_1                      0x0800021d   Thumb Code     0  libinit2.o(.ARM.Collect$$libinit$$00000032)
    __rt_lib_init_exceptions_1               0x0800021d   Thumb Code     0  libinit2.o(.ARM.Collect$$libinit$$00000030)
    __rt_lib_init_fp_trap_1                  0x0800021d   Thumb Code     0  libinit2.o(.ARM.Collect$$libinit$$0000001F)
    __rt_lib_init_getenv_1                   0x0800021d   Thumb Code     0  libinit2.o(.ARM.Collect$$libinit$$00000023)
    __rt_lib_init_lc_numeric_1               0x0800021d   Thumb Code     0  libinit2.o(.ARM.Collect$$libinit$$00000017)
    __rt_lib_init_lc_time_1                  0x0800021d   Thumb Code     0  libinit2.o(.ARM.Collect$$libinit$$00000019)
    __rt_lib_init_return                     0x0800021d   Thumb Code     0  libinit2.o(.ARM.Collect$$libinit$$00000033)
    __rt_lib_init_signal_1                   0x0800021d   Thumb Code     0  libinit2.o(.ARM.Collect$$libinit$$0000001D)
    __rt_lib_init_stdio_1                    0x0800021d   Thumb Code     0  libinit2.o(.ARM.Collect$$libinit$$00000025)
    __rt_lib_shutdown                        0x0800021f   Thumb Code     0  libshutdown.o(.ARM.Collect$$libshutdown$$00000000)
    __rt_lib_shutdown_cpp_1                  0x08000221   Thumb Code     0  libshutdown2.o(.ARM.Collect$$libshutdown$$00000002)
    __rt_lib_shutdown_fp_trap_1              0x08000221   Thumb Code     0  libshutdown2.o(.ARM.Collect$$libshutdown$$00000007)
    __rt_lib_shutdown_heap_1                 0x08000221   Thumb Code     0  libshutdown2.o(.ARM.Collect$$libshutdown$$0000000F)
    __rt_lib_shutdown_return                 0x08000221   Thumb Code     0  libshutdown2.o(.ARM.Collect$$libshutdown$$00000010)
    __rt_lib_shutdown_signal_1               0x08000221   Thumb Code     0  libshutdown2.o(.ARM.Collect$$libshutdown$$0000000A)
    __rt_lib_shutdown_stdio_1                0x08000221   Thumb Code     0  libshutdown2.o(.ARM.Collect$$libshutdown$$00000004)
    __rt_lib_shutdown_user_alloc_1           0x08000221   Thumb Code     0  libshutdown2.o(.ARM.Collect$$libshutdown$$0000000C)
    __rt_entry                               0x08000223   Thumb Code     0  __rtentry.o(.ARM.Collect$$rtentry$$00000000)
    __rt_entry_presh_1                       0x08000223   Thumb Code     0  __rtentry2.o(.ARM.Collect$$rtentry$$00000002)
    __rt_entry_sh                            0x08000223   Thumb Code     0  __rtentry4.o(.ARM.Collect$$rtentry$$00000004)
    __rt_entry_li                            0x08000229   Thumb Code     0  __rtentry2.o(.ARM.Collect$$rtentry$$0000000A)
    __rt_entry_postsh_1                      0x08000229   Thumb Code     0  __rtentry2.o(.ARM.Collect$$rtentry$$00000009)
    __rt_entry_main                          0x0800022d   Thumb Code     0  __rtentry2.o(.ARM.Collect$$rtentry$$0000000D)
    __rt_entry_postli_1                      0x0800022d   Thumb Code     0  __rtentry2.o(.ARM.Collect$$rtentry$$0000000C)
    __rt_exit                                0x08000235   Thumb Code     0  rtexit.o(.ARM.Collect$$rtexit$$00000000)
    __rt_exit_ls                             0x08000237   Thumb Code     0  rtexit2.o(.ARM.Collect$$rtexit$$00000003)
    __rt_exit_prels_1                        0x08000237   Thumb Code     0  rtexit2.o(.ARM.Collect$$rtexit$$00000002)
    __rt_exit_exit                           0x0800023b   Thumb Code     0  rtexit2.o(.ARM.Collect$$rtexit$$00000004)
    Reset_Handler                            0x08000241   Thumb Code     8  startup_stm32f407xx.o(.text)
    ADC_IRQHandler                           0x0800025b   Thumb Code     0  startup_stm32f407xx.o(.text)
    CAN2_RX0_IRQHandler                      0x0800025b   Thumb Code     0  startup_stm32f407xx.o(.text)
    CAN2_RX1_IRQHandler                      0x0800025b   Thumb Code     0  startup_stm32f407xx.o(.text)
    CAN2_SCE_IRQHandler                      0x0800025b   Thumb Code     0  startup_stm32f407xx.o(.text)
    CAN2_TX_IRQHandler                       0x0800025b   Thumb Code     0  startup_stm32f407xx.o(.text)
    DCMI_IRQHandler                          0x0800025b   Thumb Code     0  startup_stm32f407xx.o(.text)
    DMA1_Stream0_IRQHandler                  0x0800025b   Thumb Code     0  startup_stm32f407xx.o(.text)
    DMA1_Stream1_IRQHandler                  0x0800025b   Thumb Code     0  startup_stm32f407xx.o(.text)
    DMA1_Stream2_IRQHandler                  0x0800025b   Thumb Code     0  startup_stm32f407xx.o(.text)
    DMA1_Stream3_IRQHandler                  0x0800025b   Thumb Code     0  startup_stm32f407xx.o(.text)
    DMA1_Stream4_IRQHandler                  0x0800025b   Thumb Code     0  startup_stm32f407xx.o(.text)
    DMA1_Stream5_IRQHandler                  0x0800025b   Thumb Code     0  startup_stm32f407xx.o(.text)
    DMA1_Stream6_IRQHandler                  0x0800025b   Thumb Code     0  startup_stm32f407xx.o(.text)
    DMA1_Stream7_IRQHandler                  0x0800025b   Thumb Code     0  startup_stm32f407xx.o(.text)
    DMA2_Stream0_IRQHandler                  0x0800025b   Thumb Code     0  startup_stm32f407xx.o(.text)
    DMA2_Stream1_IRQHandler                  0x0800025b   Thumb Code     0  startup_stm32f407xx.o(.text)
    DMA2_Stream2_IRQHandler                  0x0800025b   Thumb Code     0  startup_stm32f407xx.o(.text)
    DMA2_Stream3_IRQHandler                  0x0800025b   Thumb Code     0  startup_stm32f407xx.o(.text)
    DMA2_Stream4_IRQHandler                  0x0800025b   Thumb Code     0  startup_stm32f407xx.o(.text)
    DMA2_Stream5_IRQHandler                  0x0800025b   Thumb Code     0  startup_stm32f407xx.o(.text)
    DMA2_Stream6_IRQHandler                  0x0800025b   Thumb Code     0  startup_stm32f407xx.o(.text)
    DMA2_Stream7_IRQHandler                  0x0800025b   Thumb Code     0  startup_stm32f407xx.o(.text)
    ETH_IRQHandler                           0x0800025b   Thumb Code     0  startup_stm32f407xx.o(.text)
    ETH_WKUP_IRQHandler                      0x0800025b   Thumb Code     0  startup_stm32f407xx.o(.text)
    EXTI0_IRQHandler                         0x0800025b   Thumb Code     0  startup_stm32f407xx.o(.text)
    EXTI15_10_IRQHandler                     0x0800025b   Thumb Code     0  startup_stm32f407xx.o(.text)
    EXTI1_IRQHandler                         0x0800025b   Thumb Code     0  startup_stm32f407xx.o(.text)
    EXTI2_IRQHandler                         0x0800025b   Thumb Code     0  startup_stm32f407xx.o(.text)
    EXTI3_IRQHandler                         0x0800025b   Thumb Code     0  startup_stm32f407xx.o(.text)
    EXTI4_IRQHandler                         0x0800025b   Thumb Code     0  startup_stm32f407xx.o(.text)
    EXTI9_5_IRQHandler                       0x0800025b   Thumb Code     0  startup_stm32f407xx.o(.text)
    FLASH_IRQHandler                         0x0800025b   Thumb Code     0  startup_stm32f407xx.o(.text)
    FMC_IRQHandler                           0x0800025b   Thumb Code     0  startup_stm32f407xx.o(.text)
    FPU_IRQHandler                           0x0800025b   Thumb Code     0  startup_stm32f407xx.o(.text)
    HASH_RNG_IRQHandler                      0x0800025b   Thumb Code     0  startup_stm32f407xx.o(.text)
    I2C1_ER_IRQHandler                       0x0800025b   Thumb Code     0  startup_stm32f407xx.o(.text)
    I2C1_EV_IRQHandler                       0x0800025b   Thumb Code     0  startup_stm32f407xx.o(.text)
    I2C2_ER_IRQHandler                       0x0800025b   Thumb Code     0  startup_stm32f407xx.o(.text)
    I2C2_EV_IRQHandler                       0x0800025b   Thumb Code     0  startup_stm32f407xx.o(.text)
    I2C3_ER_IRQHandler                       0x0800025b   Thumb Code     0  startup_stm32f407xx.o(.text)
    I2C3_EV_IRQHandler                       0x0800025b   Thumb Code     0  startup_stm32f407xx.o(.text)
    OTG_FS_IRQHandler                        0x0800025b   Thumb Code     0  startup_stm32f407xx.o(.text)
    OTG_FS_WKUP_IRQHandler                   0x0800025b   Thumb Code     0  startup_stm32f407xx.o(.text)
    OTG_HS_EP1_IN_IRQHandler                 0x0800025b   Thumb Code     0  startup_stm32f407xx.o(.text)
    OTG_HS_EP1_OUT_IRQHandler                0x0800025b   Thumb Code     0  startup_stm32f407xx.o(.text)
    OTG_HS_IRQHandler                        0x0800025b   Thumb Code     0  startup_stm32f407xx.o(.text)
    OTG_HS_WKUP_IRQHandler                   0x0800025b   Thumb Code     0  startup_stm32f407xx.o(.text)
    PVD_IRQHandler                           0x0800025b   Thumb Code     0  startup_stm32f407xx.o(.text)
    RCC_IRQHandler                           0x0800025b   Thumb Code     0  startup_stm32f407xx.o(.text)
    RTC_Alarm_IRQHandler                     0x0800025b   Thumb Code     0  startup_stm32f407xx.o(.text)
    RTC_WKUP_IRQHandler                      0x0800025b   Thumb Code     0  startup_stm32f407xx.o(.text)
    SDIO_IRQHandler                          0x0800025b   Thumb Code     0  startup_stm32f407xx.o(.text)
    SPI1_IRQHandler                          0x0800025b   Thumb Code     0  startup_stm32f407xx.o(.text)
    SPI2_IRQHandler                          0x0800025b   Thumb Code     0  startup_stm32f407xx.o(.text)
    SPI3_IRQHandler                          0x0800025b   Thumb Code     0  startup_stm32f407xx.o(.text)
    TAMP_STAMP_IRQHandler                    0x0800025b   Thumb Code     0  startup_stm32f407xx.o(.text)
    TIM1_BRK_TIM9_IRQHandler                 0x0800025b   Thumb Code     0  startup_stm32f407xx.o(.text)
    TIM1_CC_IRQHandler                       0x0800025b   Thumb Code     0  startup_stm32f407xx.o(.text)
    TIM1_TRG_COM_TIM11_IRQHandler            0x0800025b   Thumb Code     0  startup_stm32f407xx.o(.text)
    TIM1_UP_TIM10_IRQHandler                 0x0800025b   Thumb Code     0  startup_stm32f407xx.o(.text)
    TIM2_IRQHandler                          0x0800025b   Thumb Code     0  startup_stm32f407xx.o(.text)
    TIM3_IRQHandler                          0x0800025b   Thumb Code     0  startup_stm32f407xx.o(.text)
    TIM4_IRQHandler                          0x0800025b   Thumb Code     0  startup_stm32f407xx.o(.text)
    TIM5_IRQHandler                          0x0800025b   Thumb Code     0  startup_stm32f407xx.o(.text)
    TIM6_DAC_IRQHandler                      0x0800025b   Thumb Code     0  startup_stm32f407xx.o(.text)
    TIM7_IRQHandler                          0x0800025b   Thumb Code     0  startup_stm32f407xx.o(.text)
    TIM8_BRK_TIM12_IRQHandler                0x0800025b   Thumb Code     0  startup_stm32f407xx.o(.text)
    TIM8_CC_IRQHandler                       0x0800025b   Thumb Code     0  startup_stm32f407xx.o(.text)
    TIM8_TRG_COM_TIM14_IRQHandler            0x0800025b   Thumb Code     0  startup_stm32f407xx.o(.text)
    TIM8_UP_TIM13_IRQHandler                 0x0800025b   Thumb Code     0  startup_stm32f407xx.o(.text)
    UART4_IRQHandler                         0x0800025b   Thumb Code     0  startup_stm32f407xx.o(.text)
    UART5_IRQHandler                         0x0800025b   Thumb Code     0  startup_stm32f407xx.o(.text)
    USART2_IRQHandler                        0x0800025b   Thumb Code     0  startup_stm32f407xx.o(.text)
    USART3_IRQHandler                        0x0800025b   Thumb Code     0  startup_stm32f407xx.o(.text)
    WWDG_IRQHandler                          0x0800025b   Thumb Code     0  startup_stm32f407xx.o(.text)
    __user_initial_stackheap                 0x0800025d   Thumb Code     0  startup_stm32f407xx.o(.text)
    __aeabi_uldivmod                         0x08000281   Thumb Code     0  lludivv7m.o(.text)
    _ll_udiv                                 0x08000281   Thumb Code   238  lludivv7m.o(.text)
    __2sprintf                               0x08000371   Thumb Code    38  __2sprintf.o(.text)
    __printf                                 0x0800039d   Thumb Code   352  __printf_ss_wp.o(.text)
    __aeabi_memclr4                          0x080004fd   Thumb Code     0  rt_memclr_w.o(.text)
    __aeabi_memclr8                          0x080004fd   Thumb Code     0  rt_memclr_w.o(.text)
    __rt_memclr_w                            0x080004fd   Thumb Code    78  rt_memclr_w.o(.text)
    _memset_w                                0x08000501   Thumb Code     0  rt_memclr_w.o(.text)
    __use_two_region_memory                  0x0800054b   Thumb Code     2  heapauxi.o(.text)
    __rt_heap_escrow$2region                 0x0800054d   Thumb Code     2  heapauxi.o(.text)
    __rt_heap_expand$2region                 0x0800054f   Thumb Code     2  heapauxi.o(.text)
    __read_errno                             0x08000551   Thumb Code    10  _rserrno.o(.text)
    __set_errno                              0x0800055b   Thumb Code    12  _rserrno.o(.text)
    __lib_sel_fp_printf                      0x08000567   Thumb Code     2  _printf_fp_dec.o(.text)
    _printf_fp_dec_real                      0x08000719   Thumb Code   620  _printf_fp_dec.o(.text)
    _printf_char_common                      0x0800098f   Thumb Code    32  _printf_char_common.o(.text)
    _sputc                                   0x080009b5   Thumb Code    10  _sputc.o(.text)
    __rt_locale                              0x080009c1   Thumb Code     8  rt_locale_intlibspace.o(.text)
    __aeabi_errno_addr                       0x080009c9   Thumb Code     8  rt_errno_addr_intlibspace.o(.text)
    __errno$intlibspace                      0x080009c9   Thumb Code     0  rt_errno_addr_intlibspace.o(.text)
    __rt_errno_addr$intlibspace              0x080009c9   Thumb Code     0  rt_errno_addr_intlibspace.o(.text)
    _ll_udiv10                               0x080009d1   Thumb Code   138  lludiv10.o(.text)
    _printf_fp_infnan                        0x08000a5d   Thumb Code   112  _printf_fp_infnan.o(.text)
    _btod_etento                             0x08000add   Thumb Code   224  bigflt0.o(.text)
    __user_libspace                          0x08000bc1   Thumb Code     8  libspace.o(.text)
    __user_perproc_libspace                  0x08000bc1   Thumb Code     0  libspace.o(.text)
    __user_perthread_libspace                0x08000bc1   Thumb Code     0  libspace.o(.text)
    __user_setup_stackheap                   0x08000bc9   Thumb Code    74  sys_stackheap_outer.o(.text)
    exit                                     0x08000c13   Thumb Code    18  exit.o(.text)
    strcmp                                   0x08000c25   Thumb Code   128  strcmpv7m.o(.text)
    _sys_exit                                0x08000ca5   Thumb Code     8  sys_exit.o(.text)
    __I$use$semihosting                      0x08000cb1   Thumb Code     0  use_no_semi.o(.text)
    __use_no_semihosting_swi                 0x08000cb1   Thumb Code     2  use_no_semi.o(.text)
    __semihosting_library_function           0x08000cb3   Thumb Code     0  indicate_semi.o(.text)
    _btod_d2e                                0x08000cb3   Thumb Code    62  btod.o(CL$$btod_d2e)
    _d2e_denorm_low                          0x08000cf1   Thumb Code    70  btod.o(CL$$btod_d2e_denorm_low)
    _d2e_norm_op1                            0x08000d37   Thumb Code    96  btod.o(CL$$btod_d2e_norm_op1)
    __btod_div_common                        0x08000d97   Thumb Code   696  btod.o(CL$$btod_div_common)
    _e2e                                     0x080010cf   Thumb Code   220  btod.o(CL$$btod_e2e)
    _btod_ediv                               0x080011ab   Thumb Code    42  btod.o(CL$$btod_ediv)
    _btod_emul                               0x080011d5   Thumb Code    42  btod.o(CL$$btod_emul)
    __btod_mult_common                       0x080011ff   Thumb Code   580  btod.o(CL$$btod_mult_common)
    BusFault_Handler                         0x08001443   Thumb Code     4  stm32f4xx_it.o(i.BusFault_Handler)
    CAN1_RX0_IRQHandler                      0x08001449   Thumb Code    10  stm32f4xx_it.o(i.CAN1_RX0_IRQHandler)
    CAN1_RX1_IRQHandler                      0x08001459   Thumb Code    10  stm32f4xx_it.o(i.CAN1_RX1_IRQHandler)
    CAN1_SCE_IRQHandler                      0x08001469   Thumb Code    10  stm32f4xx_it.o(i.CAN1_SCE_IRQHandler)
    CAN1_TX_IRQHandler                       0x08001479   Thumb Code    10  stm32f4xx_it.o(i.CAN1_TX_IRQHandler)
    DM_Motor_FootData_SendVOFA_Firewater     0x08001489   Thumb Code   112  dog_control.o(i.DM_Motor_FootData_SendVOFA_Firewater)
    DM_Motor_Init                            0x08001515   Thumb Code   142  dm-motor_control.o(i.DM_Motor_Init)
    DM_Motor_Send                            0x080015b5   Thumb Code   390  dm-motor_control.o(i.DM_Motor_Send)
    DebugMon_Handler                         0x08001755   Thumb Code     2  stm32f4xx_it.o(i.DebugMon_Handler)
    Error_Handler                            0x08001757   Thumb Code     6  main.o(i.Error_Handler)
    FootXY_map_MotorAngle                    0x0800175d   Thumb Code   770  dog_control.o(i.FootXY_map_MotorAngle)
    Foot_control                             0x08001aa1   Thumb Code    36  dog_control.o(i.Foot_control)
    HAL_CAN_AddTxMessage                     0x08001ac5   Thumb Code   330  stm32f4xx_hal_can.o(i.HAL_CAN_AddTxMessage)
    HAL_CAN_ConfigFilter                     0x08001c11   Thumb Code   284  stm32f4xx_hal_can.o(i.HAL_CAN_ConfigFilter)
    HAL_CAN_ErrorCallback                    0x08001d31   Thumb Code     2  stm32f4xx_hal_can.o(i.HAL_CAN_ErrorCallback)
    HAL_CAN_IRQHandler                       0x08001d33   Thumb Code   590  stm32f4xx_hal_can.o(i.HAL_CAN_IRQHandler)
    HAL_CAN_Init                             0x08001f81   Thumb Code   372  stm32f4xx_hal_can.o(i.HAL_CAN_Init)
    HAL_CAN_MspInit                          0x080020f5   Thumb Code   186  stm32f4xx_hal_msp.o(i.HAL_CAN_MspInit)
    HAL_CAN_RxFifo0FullCallback              0x080021bd   Thumb Code     2  stm32f4xx_hal_can.o(i.HAL_CAN_RxFifo0FullCallback)
    HAL_CAN_RxFifo0MsgPendingCallback        0x080021bf   Thumb Code     2  stm32f4xx_hal_can.o(i.HAL_CAN_RxFifo0MsgPendingCallback)
    HAL_CAN_RxFifo1FullCallback              0x080021c1   Thumb Code     2  stm32f4xx_hal_can.o(i.HAL_CAN_RxFifo1FullCallback)
    HAL_CAN_RxFifo1MsgPendingCallback        0x080021c3   Thumb Code     2  stm32f4xx_hal_can.o(i.HAL_CAN_RxFifo1MsgPendingCallback)
    HAL_CAN_SleepCallback                    0x080021c5   Thumb Code     2  stm32f4xx_hal_can.o(i.HAL_CAN_SleepCallback)
    HAL_CAN_Start                            0x080021c7   Thumb Code    94  stm32f4xx_hal_can.o(i.HAL_CAN_Start)
    HAL_CAN_TxMailbox0AbortCallback          0x08002225   Thumb Code     2  stm32f4xx_hal_can.o(i.HAL_CAN_TxMailbox0AbortCallback)
    HAL_CAN_TxMailbox0CompleteCallback       0x08002227   Thumb Code     2  stm32f4xx_hal_can.o(i.HAL_CAN_TxMailbox0CompleteCallback)
    HAL_CAN_TxMailbox1AbortCallback          0x08002229   Thumb Code     2  stm32f4xx_hal_can.o(i.HAL_CAN_TxMailbox1AbortCallback)
    HAL_CAN_TxMailbox1CompleteCallback       0x0800222b   Thumb Code     2  stm32f4xx_hal_can.o(i.HAL_CAN_TxMailbox1CompleteCallback)
    HAL_CAN_TxMailbox2AbortCallback          0x0800222d   Thumb Code     2  stm32f4xx_hal_can.o(i.HAL_CAN_TxMailbox2AbortCallback)
    HAL_CAN_TxMailbox2CompleteCallback       0x0800222f   Thumb Code     2  stm32f4xx_hal_can.o(i.HAL_CAN_TxMailbox2CompleteCallback)
    HAL_CAN_WakeUpFromRxMsgCallback          0x08002231   Thumb Code     2  stm32f4xx_hal_can.o(i.HAL_CAN_WakeUpFromRxMsgCallback)
    HAL_DMA_Abort                            0x08002233   Thumb Code   172  stm32f4xx_hal_dma.o(i.HAL_DMA_Abort)
    HAL_DMA_Abort_IT                         0x080022df   Thumb Code    40  stm32f4xx_hal_dma.o(i.HAL_DMA_Abort_IT)
    HAL_Delay                                0x08002309   Thumb Code    36  stm32f4xx_hal.o(i.HAL_Delay)
    HAL_GPIO_Init                            0x08002331   Thumb Code   454  stm32f4xx_hal_gpio.o(i.HAL_GPIO_Init)
    HAL_GetTick                              0x08002525   Thumb Code     6  stm32f4xx_hal.o(i.HAL_GetTick)
    HAL_IncTick                              0x08002531   Thumb Code    16  stm32f4xx_hal.o(i.HAL_IncTick)
    HAL_Init                                 0x08002549   Thumb Code    54  stm32f4xx_hal.o(i.HAL_Init)
    HAL_InitTick                             0x08002585   Thumb Code    64  stm32f4xx_hal.o(i.HAL_InitTick)
    HAL_MspInit                              0x080025d1   Thumb Code    68  stm32f4xx_hal_msp.o(i.HAL_MspInit)
    HAL_NVIC_EnableIRQ                       0x08002619   Thumb Code    40  stm32f4xx_hal_cortex.o(i.HAL_NVIC_EnableIRQ)
    HAL_NVIC_SetPriority                     0x08002641   Thumb Code   124  stm32f4xx_hal_cortex.o(i.HAL_NVIC_SetPriority)
    HAL_NVIC_SetPriorityGrouping             0x080026bd   Thumb Code    32  stm32f4xx_hal_cortex.o(i.HAL_NVIC_SetPriorityGrouping)
    HAL_RCC_ClockConfig                      0x080026e5   Thumb Code   368  stm32f4xx_hal_rcc.o(i.HAL_RCC_ClockConfig)
    HAL_RCC_GetHCLKFreq                      0x08002869   Thumb Code     6  stm32f4xx_hal_rcc.o(i.HAL_RCC_GetHCLKFreq)
    HAL_RCC_GetPCLK1Freq                     0x08002875   Thumb Code    22  stm32f4xx_hal_rcc.o(i.HAL_RCC_GetPCLK1Freq)
    HAL_RCC_GetPCLK2Freq                     0x08002895   Thumb Code    22  stm32f4xx_hal_rcc.o(i.HAL_RCC_GetPCLK2Freq)
    HAL_RCC_GetSysClockFreq                  0x080028b5   Thumb Code   162  stm32f4xx_hal_rcc.o(i.HAL_RCC_GetSysClockFreq)
    HAL_RCC_OscConfig                        0x08002965   Thumb Code  1172  stm32f4xx_hal_rcc.o(i.HAL_RCC_OscConfig)
    HAL_SYSTICK_Config                       0x08002e01   Thumb Code    52  stm32f4xx_hal_cortex.o(i.HAL_SYSTICK_Config)
    HAL_UARTEx_RxEventCallback               0x08002e35   Thumb Code     2  stm32f4xx_hal_uart.o(i.HAL_UARTEx_RxEventCallback)
    HAL_UART_ErrorCallback                   0x08002e37   Thumb Code     2  stm32f4xx_hal_uart.o(i.HAL_UART_ErrorCallback)
    HAL_UART_IRQHandler                      0x08002e39   Thumb Code   772  stm32f4xx_hal_uart.o(i.HAL_UART_IRQHandler)
    HAL_UART_Init                            0x08003141   Thumb Code   118  stm32f4xx_hal_uart.o(i.HAL_UART_Init)
    HAL_UART_MspInit                         0x080031b9   Thumb Code   262  stm32f4xx_hal_msp.o(i.HAL_UART_MspInit)
    HAL_UART_Receive_IT                      0x080032d5   Thumb Code    44  stm32f4xx_hal_uart.o(i.HAL_UART_Receive_IT)
    HAL_UART_RxCpltCallback                  0x08003301   Thumb Code   246  main.o(i.HAL_UART_RxCpltCallback)
    HAL_UART_Transmit                        0x0800341d   Thumb Code   190  stm32f4xx_hal_uart.o(i.HAL_UART_Transmit)
    HAL_UART_TxCpltCallback                  0x080034db   Thumb Code     2  stm32f4xx_hal_uart.o(i.HAL_UART_TxCpltCallback)
    HardFault_Handler                        0x080034dd   Thumb Code     4  stm32f4xx_it.o(i.HardFault_Handler)
    MemManage_Handler                        0x08003645   Thumb Code     4  stm32f4xx_it.o(i.MemManage_Handler)
    NMI_Handler                              0x08003649   Thumb Code     4  stm32f4xx_it.o(i.NMI_Handler)
    PendSV_Handler                           0x0800364d   Thumb Code     2  stm32f4xx_it.o(i.PendSV_Handler)
    SVC_Handler                              0x0800364f   Thumb Code     2  stm32f4xx_it.o(i.SVC_Handler)
    SysTick_Handler                          0x08003651   Thumb Code     8  stm32f4xx_it.o(i.SysTick_Handler)
    SystemClock_Config                       0x08003659   Thumb Code   170  main.o(i.SystemClock_Config)
    SystemInit                               0x0800370d   Thumb Code    14  system_stm32f4xx.o(i.SystemInit)
    UART_Start_Receive_IT                    0x08003ae9   Thumb Code    64  stm32f4xx_hal_uart.o(i.UART_Start_Receive_IT)
    USART1_IRQHandler                        0x08003c15   Thumb Code    10  stm32f4xx_it.o(i.USART1_IRQHandler)
    USART6_IRQHandler                        0x08003c25   Thumb Code    10  stm32f4xx_it.o(i.USART6_IRQHandler)
    UsageFault_Handler                       0x08003c35   Thumb Code     4  stm32f4xx_it.o(i.UsageFault_Handler)
    __ARM_fpclassify                         0x08003c39   Thumb Code    48  fpclassify.o(i.__ARM_fpclassify)
    __hardfp_acos                            0x08003ca1   Thumb Code   738  acos.o(i.__hardfp_acos)
    __hardfp_atan                            0x08003ff9   Thumb Code   622  atan.o(i.__hardfp_atan)
    __hardfp_atan2                           0x080042d1   Thumb Code   432  atan2.o(i.__hardfp_atan2)
    __hardfp_fabs                            0x080044c1   Thumb Code    20  fabs.o(i.__hardfp_fabs)
    __hardfp_roundf                          0x080044d5   Thumb Code   154  roundf.o(i.__hardfp_roundf)
    __hardfp_sqrt                            0x0800456f   Thumb Code   122  sqrt.o(i.__hardfp_sqrt)
    __kernel_poly                            0x080045e9   Thumb Code   248  poly.o(i.__kernel_poly)
    __mathlib_dbl_infnan                     0x080046e1   Thumb Code    20  dunder.o(i.__mathlib_dbl_infnan)
    __mathlib_dbl_infnan2                    0x080046f5   Thumb Code    20  dunder.o(i.__mathlib_dbl_infnan2)
    __mathlib_dbl_invalid                    0x08004709   Thumb Code    24  dunder.o(i.__mathlib_dbl_invalid)
    __mathlib_dbl_underflow                  0x08004729   Thumb Code    24  dunder.o(i.__mathlib_dbl_underflow)
    _is_digit                                0x08004749   Thumb Code    14  __printf_wp.o(i._is_digit)
    atan                                     0x08004757   Thumb Code    16  atan.o(i.atan)
    fabs                                     0x08004767   Thumb Code    24  fabs.o(i.fabs)
    float_to_uint                            0x0800477f   Thumb Code   120  dm-motor_control.o(i.float_to_uint)
    main                                     0x080047f9   Thumb Code  1160  main.o(i.main)
    sqrt                                     0x08004c89   Thumb Code   110  sqrt.o(i.sqrt)
    _get_lc_numeric                          0x08004cf9   Thumb Code    44  lc_numeric_c.o(locale$$code)
    __aeabi_dneg                             0x08004d25   Thumb Code     0  basic.o(x$fpl$basic)
    _dneg                                    0x08004d25   Thumb Code     6  basic.o(x$fpl$basic)
    __aeabi_fneg                             0x08004d2b   Thumb Code     0  basic.o(x$fpl$basic)
    _fneg                                    0x08004d2b   Thumb Code     6  basic.o(x$fpl$basic)
    _dabs                                    0x08004d31   Thumb Code     6  basic.o(x$fpl$basic)
    _fabs                                    0x08004d37   Thumb Code     6  basic.o(x$fpl$basic)
    __aeabi_d2f                              0x08004d3d   Thumb Code     0  d2f.o(x$fpl$d2f)
    _d2f                                     0x08004d3d   Thumb Code    98  d2f.o(x$fpl$d2f)
    __aeabi_dadd                             0x08004da1   Thumb Code     0  daddsub_clz.o(x$fpl$dadd)
    _dadd                                    0x08004da1   Thumb Code   332  daddsub_clz.o(x$fpl$dadd)
    __fpl_dcmp_Inf                           0x08004ef1   Thumb Code    24  dcmpi.o(x$fpl$dcmpinf)
    __aeabi_ddiv                             0x08004f09   Thumb Code     0  ddiv.o(x$fpl$ddiv)
    _ddiv                                    0x08004f09   Thumb Code   552  ddiv.o(x$fpl$ddiv)
    __aeabi_cdcmple                          0x080051b9   Thumb Code     0  dleqf.o(x$fpl$dleqf)
    _dcmple                                  0x080051b9   Thumb Code   120  dleqf.o(x$fpl$dleqf)
    __fpl_dcmple_InfNaN                      0x0800521b   Thumb Code     0  dleqf.o(x$fpl$dleqf)
    __aeabi_dmul                             0x08005231   Thumb Code     0  dmul.o(x$fpl$dmul)
    _dmul                                    0x08005231   Thumb Code   332  dmul.o(x$fpl$dmul)
    __fpl_dnaninf                            0x08005385   Thumb Code   156  dnaninf.o(x$fpl$dnaninf)
    __fpl_dretinf                            0x08005421   Thumb Code    12  dretinf.o(x$fpl$dretinf)
    __aeabi_cdrcmple                         0x0800542d   Thumb Code     0  drleqf.o(x$fpl$drleqf)
    _drcmple                                 0x0800542d   Thumb Code   108  drleqf.o(x$fpl$drleqf)
    __aeabi_drsub                            0x08005499   Thumb Code     0  daddsub_clz.o(x$fpl$drsb)
    _drsb                                    0x08005499   Thumb Code    22  daddsub_clz.o(x$fpl$drsb)
    _dsqrt                                   0x080054b1   Thumb Code   404  dsqrt_umaal.o(x$fpl$dsqrt)
    __aeabi_dsub                             0x08005649   Thumb Code     0  daddsub_clz.o(x$fpl$dsub)
    _dsub                                    0x08005649   Thumb Code   464  daddsub_clz.o(x$fpl$dsub)
    __aeabi_f2d                              0x0800581d   Thumb Code     0  f2d.o(x$fpl$f2d)
    _f2d                                     0x0800581d   Thumb Code    86  f2d.o(x$fpl$f2d)
    __fpl_fnaninf                            0x08005873   Thumb Code   140  fnaninf.o(x$fpl$fnaninf)
    _fp_init                                 0x080058ff   Thumb Code    10  fpinit.o(x$fpl$fpinit)
    __fplib_config_fpu_vfp                   0x08005907   Thumb Code     0  fpinit.o(x$fpl$fpinit)
    __fplib_config_pureend_doubles           0x08005907   Thumb Code     0  fpinit.o(x$fpl$fpinit)
    __fpl_fretinf                            0x08005909   Thumb Code    10  fretinf.o(x$fpl$fretinf)
    _frnd                                    0x08005915   Thumb Code    96  frnd.o(x$fpl$frnd)
    _printf_fp_dec                           0x08005975   Thumb Code     4  printf1.o(x$fpl$printf1)
    AHBPrescTable                            0x08005978   Data          16  system_stm32f4xx.o(.constdata)
    __I$use$fp                               0x08005978   Number         0  usenofp.o(x$fpl$usenofp)
    APBPrescTable                            0x08005988   Data           8  system_stm32f4xx.o(.constdata)
    __mathlib_zero                           0x08005a78   Data           8  qnan.o(.constdata)
    Region$$Table$$Base                      0x08005b14   Number         0  anon$$obj.o(Region$$Table)
    Region$$Table$$Limit                     0x08005b34   Number         0  anon$$obj.o(Region$$Table)
    uart1_rx_float1                          0x20000000   Data           4  main.o(.data)
    uart1_rx_float2                          0x20000004   Data           4  main.o(.data)
    uart1_cmd_ready                          0x20000008   Data           1  main.o(.data)
    uart1_rx_index                           0x20000009   Data           1  main.o(.data)
    uart1_rx_state                           0x2000000a   Data           1  main.o(.data)
    uart1_rx_byte                            0x2000000b   Data           1  main.o(.data)
    uwTick                                   0x2000000c   Data           4  stm32f4xx_hal.o(.data)
    uwTickPrio                               0x20000010   Data           4  stm32f4xx_hal.o(.data)
    uwTickFreq                               0x20000014   Data           1  stm32f4xx_hal.o(.data)
    SystemCoreClock                          0x20000018   Data           4  system_stm32f4xx.o(.data)
    uart1_rx_buffer                          0x2000001c   Data           9  main.o(.bss)
    hcan1                                    0x20000028   Data          40  main.o(.bss)
    huart1                                   0x20000050   Data          72  main.o(.bss)
    huart6                                   0x20000098   Data          72  main.o(.bss)
    __libspace_start                         0x200000e0   Data          96  libspace.o(.bss)
    __temporary_stack_top$libspace           0x20000140   Data           0  libspace.o(.bss)



==============================================================================

Memory Map of the image

  Image Entry point : 0x08000189

  Load Region LR_IROM1 (Base: 0x08000000, Size: 0x00005b6c, Max: 0x00100000, ABSOLUTE)

    Execution Region ER_IROM1 (Exec base: 0x08000000, Load base: 0x08000000, Size: 0x00005b50, Max: 0x00100000, ABSOLUTE)

    Exec Addr    Load Addr    Size         Type   Attr      Idx    E Section Name        Object

    0x08000000   0x08000000   0x00000188   Data   RO            3    RESET               startup_stm32f407xx.o
    0x08000188   0x08000188   0x00000008   Code   RO         2495  * !!!main             c_w.l(__main.o)
    0x08000190   0x08000190   0x00000034   Code   RO         2916    !!!scatter          c_w.l(__scatter.o)
    0x080001c4   0x080001c4   0x0000001a   Code   RO         2918    !!handler_copy      c_w.l(__scatter_copy.o)
    0x080001de   0x080001de   0x00000002   PAD
    0x080001e0   0x080001e0   0x0000001c   Code   RO         2920    !!handler_zi        c_w.l(__scatter_zi.o)
    0x080001fc   0x080001fc   0x00000000   Code   RO         2488    .ARM.Collect$$_printf_percent$$00000000  c_w.l(_printf_percent.o)
    0x080001fc   0x080001fc   0x00000006   Code   RO         2487    .ARM.Collect$$_printf_percent$$00000003  c_w.l(_printf_f.o)
    0x08000202   0x08000202   0x00000004   Code   RO         2586    .ARM.Collect$$_printf_percent$$00000017  c_w.l(_printf_percent_end.o)
    0x08000206   0x08000206   0x00000002   Code   RO         2750    .ARM.Collect$$libinit$$00000000  c_w.l(libinit.o)
    0x08000208   0x08000208   0x00000004   Code   RO         2751    .ARM.Collect$$libinit$$00000001  c_w.l(libinit2.o)
    0x0800020c   0x0800020c   0x00000000   Code   RO         2754    .ARM.Collect$$libinit$$00000004  c_w.l(libinit2.o)
    0x0800020c   0x0800020c   0x00000000   Code   RO         2757    .ARM.Collect$$libinit$$0000000A  c_w.l(libinit2.o)
    0x0800020c   0x0800020c   0x00000000   Code   RO         2759    .ARM.Collect$$libinit$$0000000C  c_w.l(libinit2.o)
    0x0800020c   0x0800020c   0x00000000   Code   RO         2761    .ARM.Collect$$libinit$$0000000E  c_w.l(libinit2.o)
    0x0800020c   0x0800020c   0x00000006   Code   RO         2762    .ARM.Collect$$libinit$$0000000F  c_w.l(libinit2.o)
    0x08000212   0x08000212   0x00000000   Code   RO         2764    .ARM.Collect$$libinit$$00000011  c_w.l(libinit2.o)
    0x08000212   0x08000212   0x00000000   Code   RO         2766    .ARM.Collect$$libinit$$00000013  c_w.l(libinit2.o)
    0x08000212   0x08000212   0x00000000   Code   RO         2768    .ARM.Collect$$libinit$$00000015  c_w.l(libinit2.o)
    0x08000212   0x08000212   0x0000000a   Code   RO         2769    .ARM.Collect$$libinit$$00000016  c_w.l(libinit2.o)
    0x0800021c   0x0800021c   0x00000000   Code   RO         2770    .ARM.Collect$$libinit$$00000017  c_w.l(libinit2.o)
    0x0800021c   0x0800021c   0x00000000   Code   RO         2772    .ARM.Collect$$libinit$$00000019  c_w.l(libinit2.o)
    0x0800021c   0x0800021c   0x00000000   Code   RO         2774    .ARM.Collect$$libinit$$0000001B  c_w.l(libinit2.o)
    0x0800021c   0x0800021c   0x00000000   Code   RO         2776    .ARM.Collect$$libinit$$0000001D  c_w.l(libinit2.o)
    0x0800021c   0x0800021c   0x00000000   Code   RO         2778    .ARM.Collect$$libinit$$0000001F  c_w.l(libinit2.o)
    0x0800021c   0x0800021c   0x00000000   Code   RO         2780    .ARM.Collect$$libinit$$00000021  c_w.l(libinit2.o)
    0x0800021c   0x0800021c   0x00000000   Code   RO         2782    .ARM.Collect$$libinit$$00000023  c_w.l(libinit2.o)
    0x0800021c   0x0800021c   0x00000000   Code   RO         2784    .ARM.Collect$$libinit$$00000025  c_w.l(libinit2.o)
    0x0800021c   0x0800021c   0x00000000   Code   RO         2788    .ARM.Collect$$libinit$$0000002C  c_w.l(libinit2.o)
    0x0800021c   0x0800021c   0x00000000   Code   RO         2790    .ARM.Collect$$libinit$$0000002E  c_w.l(libinit2.o)
    0x0800021c   0x0800021c   0x00000000   Code   RO         2792    .ARM.Collect$$libinit$$00000030  c_w.l(libinit2.o)
    0x0800021c   0x0800021c   0x00000000   Code   RO         2794    .ARM.Collect$$libinit$$00000032  c_w.l(libinit2.o)
    0x0800021c   0x0800021c   0x00000002   Code   RO         2795    .ARM.Collect$$libinit$$00000033  c_w.l(libinit2.o)
    0x0800021e   0x0800021e   0x00000002   Code   RO         2875    .ARM.Collect$$libshutdown$$00000000  c_w.l(libshutdown.o)
    0x08000220   0x08000220   0x00000000   Code   RO         2895    .ARM.Collect$$libshutdown$$00000002  c_w.l(libshutdown2.o)
    0x08000220   0x08000220   0x00000000   Code   RO         2897    .ARM.Collect$$libshutdown$$00000004  c_w.l(libshutdown2.o)
    0x08000220   0x08000220   0x00000000   Code   RO         2900    .ARM.Collect$$libshutdown$$00000007  c_w.l(libshutdown2.o)
    0x08000220   0x08000220   0x00000000   Code   RO         2903    .ARM.Collect$$libshutdown$$0000000A  c_w.l(libshutdown2.o)
    0x08000220   0x08000220   0x00000000   Code   RO         2905    .ARM.Collect$$libshutdown$$0000000C  c_w.l(libshutdown2.o)
    0x08000220   0x08000220   0x00000000   Code   RO         2908    .ARM.Collect$$libshutdown$$0000000F  c_w.l(libshutdown2.o)
    0x08000220   0x08000220   0x00000002   Code   RO         2909    .ARM.Collect$$libshutdown$$00000010  c_w.l(libshutdown2.o)
    0x08000222   0x08000222   0x00000000   Code   RO         2571    .ARM.Collect$$rtentry$$00000000  c_w.l(__rtentry.o)
    0x08000222   0x08000222   0x00000000   Code   RO         2640    .ARM.Collect$$rtentry$$00000002  c_w.l(__rtentry2.o)
    0x08000222   0x08000222   0x00000006   Code   RO         2652    .ARM.Collect$$rtentry$$00000004  c_w.l(__rtentry4.o)
    0x08000228   0x08000228   0x00000000   Code   RO         2642    .ARM.Collect$$rtentry$$00000009  c_w.l(__rtentry2.o)
    0x08000228   0x08000228   0x00000004   Code   RO         2643    .ARM.Collect$$rtentry$$0000000A  c_w.l(__rtentry2.o)
    0x0800022c   0x0800022c   0x00000000   Code   RO         2645    .ARM.Collect$$rtentry$$0000000C  c_w.l(__rtentry2.o)
    0x0800022c   0x0800022c   0x00000008   Code   RO         2646    .ARM.Collect$$rtentry$$0000000D  c_w.l(__rtentry2.o)
    0x08000234   0x08000234   0x00000002   Code   RO         2804    .ARM.Collect$$rtexit$$00000000  c_w.l(rtexit.o)
    0x08000236   0x08000236   0x00000000   Code   RO         2842    .ARM.Collect$$rtexit$$00000002  c_w.l(rtexit2.o)
    0x08000236   0x08000236   0x00000004   Code   RO         2843    .ARM.Collect$$rtexit$$00000003  c_w.l(rtexit2.o)
    0x0800023a   0x0800023a   0x00000006   Code   RO         2844    .ARM.Collect$$rtexit$$00000004  c_w.l(rtexit2.o)
    0x08000240   0x08000240   0x00000040   Code   RO            4    .text               startup_stm32f407xx.o
    0x08000280   0x08000280   0x000000ee   Code   RO         2456    .text               c_w.l(lludivv7m.o)
    0x0800036e   0x0800036e   0x00000002   PAD
    0x08000370   0x08000370   0x0000002c   Code   RO         2458    .text               c_w.l(__2sprintf.o)
    0x0800039c   0x0800039c   0x00000160   Code   RO         2481    .text               c_w.l(__printf_ss_wp.o)
    0x080004fc   0x080004fc   0x0000004e   Code   RO         2491    .text               c_w.l(rt_memclr_w.o)
    0x0800054a   0x0800054a   0x00000006   Code   RO         2493    .text               c_w.l(heapauxi.o)
    0x08000550   0x08000550   0x00000016   Code   RO         2576    .text               c_w.l(_rserrno.o)
    0x08000566   0x08000566   0x0000041e   Code   RO         2580    .text               c_w.l(_printf_fp_dec.o)
    0x08000984   0x08000984   0x00000030   Code   RO         2582    .text               c_w.l(_printf_char_common.o)
    0x080009b4   0x080009b4   0x0000000a   Code   RO         2584    .text               c_w.l(_sputc.o)
    0x080009be   0x080009be   0x00000002   PAD
    0x080009c0   0x080009c0   0x00000008   Code   RO         2659    .text               c_w.l(rt_locale_intlibspace.o)
    0x080009c8   0x080009c8   0x00000008   Code   RO         2664    .text               c_w.l(rt_errno_addr_intlibspace.o)
    0x080009d0   0x080009d0   0x0000008a   Code   RO         2666    .text               c_w.l(lludiv10.o)
    0x08000a5a   0x08000a5a   0x00000002   PAD
    0x08000a5c   0x08000a5c   0x00000080   Code   RO         2670    .text               c_w.l(_printf_fp_infnan.o)
    0x08000adc   0x08000adc   0x000000e4   Code   RO         2676    .text               c_w.l(bigflt0.o)
    0x08000bc0   0x08000bc0   0x00000008   Code   RO         2726    .text               c_w.l(libspace.o)
    0x08000bc8   0x08000bc8   0x0000004a   Code   RO         2729    .text               c_w.l(sys_stackheap_outer.o)
    0x08000c12   0x08000c12   0x00000012   Code   RO         2737    .text               c_w.l(exit.o)
    0x08000c24   0x08000c24   0x00000080   Code   RO         2743    .text               c_w.l(strcmpv7m.o)
    0x08000ca4   0x08000ca4   0x0000000c   Code   RO         2839    .text               c_w.l(sys_exit.o)
    0x08000cb0   0x08000cb0   0x00000002   Code   RO         2862    .text               c_w.l(use_no_semi.o)
    0x08000cb2   0x08000cb2   0x00000000   Code   RO         2864    .text               c_w.l(indicate_semi.o)
    0x08000cb2   0x08000cb2   0x0000003e   Code   RO         2679    CL$$btod_d2e        c_w.l(btod.o)
    0x08000cf0   0x08000cf0   0x00000046   Code   RO         2681    CL$$btod_d2e_denorm_low  c_w.l(btod.o)
    0x08000d36   0x08000d36   0x00000060   Code   RO         2680    CL$$btod_d2e_norm_op1  c_w.l(btod.o)
    0x08000d96   0x08000d96   0x00000338   Code   RO         2689    CL$$btod_div_common  c_w.l(btod.o)
    0x080010ce   0x080010ce   0x000000dc   Code   RO         2686    CL$$btod_e2e        c_w.l(btod.o)
    0x080011aa   0x080011aa   0x0000002a   Code   RO         2683    CL$$btod_ediv       c_w.l(btod.o)
    0x080011d4   0x080011d4   0x0000002a   Code   RO         2682    CL$$btod_emul       c_w.l(btod.o)
    0x080011fe   0x080011fe   0x00000244   Code   RO         2688    CL$$btod_mult_common  c_w.l(btod.o)
    0x08001442   0x08001442   0x00000004   Code   RO          190    i.BusFault_Handler  stm32f4xx_it.o
    0x08001446   0x08001446   0x00000002   PAD
    0x08001448   0x08001448   0x00000010   Code   RO          191    i.CAN1_RX0_IRQHandler  stm32f4xx_it.o
    0x08001458   0x08001458   0x00000010   Code   RO          192    i.CAN1_RX1_IRQHandler  stm32f4xx_it.o
    0x08001468   0x08001468   0x00000010   Code   RO          193    i.CAN1_SCE_IRQHandler  stm32f4xx_it.o
    0x08001478   0x08001478   0x00000010   Code   RO          194    i.CAN1_TX_IRQHandler  stm32f4xx_it.o
    0x08001488   0x08001488   0x0000008c   Code   RO         2421    i.DM_Motor_FootData_SendVOFA_Firewater  dog_control.o
    0x08001514   0x08001514   0x000000a0   Code   RO         2247    i.DM_Motor_Init     dm-motor_control.o
    0x080015b4   0x080015b4   0x000001a0   Code   RO         2248    i.DM_Motor_Send     dm-motor_control.o
    0x08001754   0x08001754   0x00000002   Code   RO          195    i.DebugMon_Handler  stm32f4xx_it.o
    0x08001756   0x08001756   0x00000006   Code   RO           13    i.Error_Handler     main.o
    0x0800175c   0x0800175c   0x00000344   Code   RO         2422    i.FootXY_map_MotorAngle  dog_control.o
    0x08001aa0   0x08001aa0   0x00000024   Code   RO         2423    i.Foot_control      dog_control.o
    0x08001ac4   0x08001ac4   0x0000014a   Code   RO          352    i.HAL_CAN_AddTxMessage  stm32f4xx_hal_can.o
    0x08001c0e   0x08001c0e   0x00000002   PAD
    0x08001c10   0x08001c10   0x00000120   Code   RO          353    i.HAL_CAN_ConfigFilter  stm32f4xx_hal_can.o
    0x08001d30   0x08001d30   0x00000002   Code   RO          356    i.HAL_CAN_ErrorCallback  stm32f4xx_hal_can.o
    0x08001d32   0x08001d32   0x0000024e   Code   RO          363    i.HAL_CAN_IRQHandler  stm32f4xx_hal_can.o
    0x08001f80   0x08001f80   0x00000174   Code   RO          364    i.HAL_CAN_Init      stm32f4xx_hal_can.o
    0x080020f4   0x080020f4   0x000000c8   Code   RO          303    i.HAL_CAN_MspInit   stm32f4xx_hal_msp.o
    0x080021bc   0x080021bc   0x00000002   Code   RO          371    i.HAL_CAN_RxFifo0FullCallback  stm32f4xx_hal_can.o
    0x080021be   0x080021be   0x00000002   Code   RO          372    i.HAL_CAN_RxFifo0MsgPendingCallback  stm32f4xx_hal_can.o
    0x080021c0   0x080021c0   0x00000002   Code   RO          373    i.HAL_CAN_RxFifo1FullCallback  stm32f4xx_hal_can.o
    0x080021c2   0x080021c2   0x00000002   Code   RO          374    i.HAL_CAN_RxFifo1MsgPendingCallback  stm32f4xx_hal_can.o
    0x080021c4   0x080021c4   0x00000002   Code   RO          375    i.HAL_CAN_SleepCallback  stm32f4xx_hal_can.o
    0x080021c6   0x080021c6   0x0000005e   Code   RO          376    i.HAL_CAN_Start     stm32f4xx_hal_can.o
    0x08002224   0x08002224   0x00000002   Code   RO          378    i.HAL_CAN_TxMailbox0AbortCallback  stm32f4xx_hal_can.o
    0x08002226   0x08002226   0x00000002   Code   RO          379    i.HAL_CAN_TxMailbox0CompleteCallback  stm32f4xx_hal_can.o
    0x08002228   0x08002228   0x00000002   Code   RO          380    i.HAL_CAN_TxMailbox1AbortCallback  stm32f4xx_hal_can.o
    0x0800222a   0x0800222a   0x00000002   Code   RO          381    i.HAL_CAN_TxMailbox1CompleteCallback  stm32f4xx_hal_can.o
    0x0800222c   0x0800222c   0x00000002   Code   RO          382    i.HAL_CAN_TxMailbox2AbortCallback  stm32f4xx_hal_can.o
    0x0800222e   0x0800222e   0x00000002   Code   RO          383    i.HAL_CAN_TxMailbox2CompleteCallback  stm32f4xx_hal_can.o
    0x08002230   0x08002230   0x00000002   Code   RO          385    i.HAL_CAN_WakeUpFromRxMsgCallback  stm32f4xx_hal_can.o
    0x08002232   0x08002232   0x000000ac   Code   RO         1091    i.HAL_DMA_Abort     stm32f4xx_hal_dma.o
    0x080022de   0x080022de   0x00000028   Code   RO         1092    i.HAL_DMA_Abort_IT  stm32f4xx_hal_dma.o
    0x08002306   0x08002306   0x00000002   PAD
    0x08002308   0x08002308   0x00000028   Code   RO         1533    i.HAL_Delay         stm32f4xx_hal.o
    0x08002330   0x08002330   0x000001f4   Code   RO          984    i.HAL_GPIO_Init     stm32f4xx_hal_gpio.o
    0x08002524   0x08002524   0x0000000c   Code   RO         1539    i.HAL_GetTick       stm32f4xx_hal.o
    0x08002530   0x08002530   0x00000018   Code   RO         1545    i.HAL_IncTick       stm32f4xx_hal.o
    0x08002548   0x08002548   0x0000003c   Code   RO         1546    i.HAL_Init          stm32f4xx_hal.o
    0x08002584   0x08002584   0x0000004c   Code   RO         1547    i.HAL_InitTick      stm32f4xx_hal.o
    0x080025d0   0x080025d0   0x00000048   Code   RO          304    i.HAL_MspInit       stm32f4xx_hal_msp.o
    0x08002618   0x08002618   0x00000028   Code   RO         1376    i.HAL_NVIC_EnableIRQ  stm32f4xx_hal_cortex.o
    0x08002640   0x08002640   0x0000007c   Code   RO         1382    i.HAL_NVIC_SetPriority  stm32f4xx_hal_cortex.o
    0x080026bc   0x080026bc   0x00000028   Code   RO         1383    i.HAL_NVIC_SetPriorityGrouping  stm32f4xx_hal_cortex.o
    0x080026e4   0x080026e4   0x00000184   Code   RO          585    i.HAL_RCC_ClockConfig  stm32f4xx_hal_rcc.o
    0x08002868   0x08002868   0x0000000c   Code   RO          590    i.HAL_RCC_GetHCLKFreq  stm32f4xx_hal_rcc.o
    0x08002874   0x08002874   0x00000020   Code   RO          592    i.HAL_RCC_GetPCLK1Freq  stm32f4xx_hal_rcc.o
    0x08002894   0x08002894   0x00000020   Code   RO          593    i.HAL_RCC_GetPCLK2Freq  stm32f4xx_hal_rcc.o
    0x080028b4   0x080028b4   0x000000b0   Code   RO          594    i.HAL_RCC_GetSysClockFreq  stm32f4xx_hal_rcc.o
    0x08002964   0x08002964   0x0000049c   Code   RO          597    i.HAL_RCC_OscConfig  stm32f4xx_hal_rcc.o
    0x08002e00   0x08002e00   0x00000034   Code   RO         1387    i.HAL_SYSTICK_Config  stm32f4xx_hal_cortex.o
    0x08002e34   0x08002e34   0x00000002   Code   RO         1796    i.HAL_UARTEx_RxEventCallback  stm32f4xx_hal_uart.o
    0x08002e36   0x08002e36   0x00000002   Code   RO         1810    i.HAL_UART_ErrorCallback  stm32f4xx_hal_uart.o
    0x08002e38   0x08002e38   0x00000308   Code   RO         1813    i.HAL_UART_IRQHandler  stm32f4xx_hal_uart.o
    0x08003140   0x08003140   0x00000076   Code   RO         1814    i.HAL_UART_Init     stm32f4xx_hal_uart.o
    0x080031b6   0x080031b6   0x00000002   PAD
    0x080031b8   0x080031b8   0x0000011c   Code   RO          306    i.HAL_UART_MspInit  stm32f4xx_hal_msp.o
    0x080032d4   0x080032d4   0x0000002c   Code   RO         1819    i.HAL_UART_Receive_IT  stm32f4xx_hal_uart.o
    0x08003300   0x08003300   0x0000011c   Code   RO           14    i.HAL_UART_RxCpltCallback  main.o
    0x0800341c   0x0800341c   0x000000be   Code   RO         1822    i.HAL_UART_Transmit  stm32f4xx_hal_uart.o
    0x080034da   0x080034da   0x00000002   Code   RO         1825    i.HAL_UART_TxCpltCallback  stm32f4xx_hal_uart.o
    0x080034dc   0x080034dc   0x00000004   Code   RO          196    i.HardFault_Handler  stm32f4xx_it.o
    0x080034e0   0x080034e0   0x00000070   Code   RO           15    i.MX_CAN1_Init      main.o
    0x08003550   0x08003550   0x00000084   Code   RO           16    i.MX_GPIO_Init      main.o
    0x080035d4   0x080035d4   0x00000038   Code   RO           17    i.MX_USART1_UART_Init  main.o
    0x0800360c   0x0800360c   0x00000038   Code   RO           18    i.MX_USART6_UART_Init  main.o
    0x08003644   0x08003644   0x00000004   Code   RO          197    i.MemManage_Handler  stm32f4xx_it.o
    0x08003648   0x08003648   0x00000004   Code   RO          198    i.NMI_Handler       stm32f4xx_it.o
    0x0800364c   0x0800364c   0x00000002   Code   RO          199    i.PendSV_Handler    stm32f4xx_it.o
    0x0800364e   0x0800364e   0x00000002   Code   RO          200    i.SVC_Handler       stm32f4xx_it.o
    0x08003650   0x08003650   0x00000008   Code   RO          201    i.SysTick_Handler   stm32f4xx_it.o
    0x08003658   0x08003658   0x000000b4   Code   RO           19    i.SystemClock_Config  main.o
    0x0800370c   0x0800370c   0x00000014   Code   RO         2158    i.SystemInit        system_stm32f4xx.o
    0x08003720   0x08003720   0x00000012   Code   RO         1827    i.UART_DMAAbortOnError  stm32f4xx_hal_uart.o
    0x08003732   0x08003732   0x0000006c   Code   RO         1837    i.UART_EndRxTransfer  stm32f4xx_hal_uart.o
    0x0800379e   0x0800379e   0x00000020   Code   RO         1838    i.UART_EndTransmit_IT  stm32f4xx_hal_uart.o
    0x080037be   0x080037be   0x000000fc   Code   RO         1840    i.UART_Receive_IT   stm32f4xx_hal_uart.o
    0x080038ba   0x080038ba   0x00000002   PAD
    0x080038bc   0x080038bc   0x0000022c   Code   RO         1841    i.UART_SetConfig    stm32f4xx_hal_uart.o
    0x08003ae8   0x08003ae8   0x00000040   Code   RO         1843    i.UART_Start_Receive_IT  stm32f4xx_hal_uart.o
    0x08003b28   0x08003b28   0x00000060   Code   RO         1844    i.UART_Transmit_IT  stm32f4xx_hal_uart.o
    0x08003b88   0x08003b88   0x0000008c   Code   RO         1845    i.UART_WaitOnFlagUntilTimeout  stm32f4xx_hal_uart.o
    0x08003c14   0x08003c14   0x00000010   Code   RO          202    i.USART1_IRQHandler  stm32f4xx_it.o
    0x08003c24   0x08003c24   0x00000010   Code   RO          203    i.USART6_IRQHandler  stm32f4xx_it.o
    0x08003c34   0x08003c34   0x00000004   Code   RO          204    i.UsageFault_Handler  stm32f4xx_it.o
    0x08003c38   0x08003c38   0x00000030   Code   RO         2716    i.__ARM_fpclassify  m_wm.l(fpclassify.o)
    0x08003c68   0x08003c68   0x00000010   Code   RO         1389    i.__NVIC_GetPriorityGrouping  stm32f4xx_hal_cortex.o
    0x08003c78   0x08003c78   0x00000028   Code   RO         1390    i.__NVIC_SetPriority  stm32f4xx_hal_cortex.o
    0x08003ca0   0x08003ca0   0x00000358   Code   RO         2523    i.__hardfp_acos     m_wm.l(acos.o)
    0x08003ff8   0x08003ff8   0x000002d8   Code   RO         2608    i.__hardfp_atan     m_wm.l(atan.o)
    0x080042d0   0x080042d0   0x000001f0   Code   RO         2537    i.__hardfp_atan2    m_wm.l(atan2.o)
    0x080044c0   0x080044c0   0x00000014   Code   RO         2549    i.__hardfp_fabs     m_wm.l(fabs.o)
    0x080044d4   0x080044d4   0x0000009a   Code   RO         2567    i.__hardfp_roundf   m_wm.l(roundf.o)
    0x0800456e   0x0800456e   0x0000007a   Code   RO         2555    i.__hardfp_sqrt     m_wm.l(sqrt.o)
    0x080045e8   0x080045e8   0x000000f8   Code   RO         2636    i.__kernel_poly     m_wm.l(poly.o)
    0x080046e0   0x080046e0   0x00000014   Code   RO         2623    i.__mathlib_dbl_infnan  m_wm.l(dunder.o)
    0x080046f4   0x080046f4   0x00000014   Code   RO         2624    i.__mathlib_dbl_infnan2  m_wm.l(dunder.o)
    0x08004708   0x08004708   0x00000020   Code   RO         2625    i.__mathlib_dbl_invalid  m_wm.l(dunder.o)
    0x08004728   0x08004728   0x00000020   Code   RO         2628    i.__mathlib_dbl_underflow  m_wm.l(dunder.o)
    0x08004748   0x08004748   0x0000000e   Code   RO         2476    i._is_digit         c_w.l(__printf_wp.o)
    0x08004756   0x08004756   0x00000010   Code   RO         2610    i.atan              m_wm.l(atan.o)
    0x08004766   0x08004766   0x00000018   Code   RO         2551    i.fabs              m_wm.l(fabs.o)
    0x0800477e   0x0800477e   0x00000078   Code   RO         2251    i.float_to_uint     dm-motor_control.o
    0x080047f6   0x080047f6   0x00000002   PAD
    0x080047f8   0x080047f8   0x00000490   Code   RO           20    i.main              main.o
    0x08004c88   0x08004c88   0x0000006e   Code   RO         2557    i.sqrt              m_wm.l(sqrt.o)
    0x08004cf6   0x08004cf6   0x00000002   PAD
    0x08004cf8   0x08004cf8   0x0000002c   Code   RO         2702    locale$$code        c_w.l(lc_numeric_c.o)
    0x08004d24   0x08004d24   0x00000018   Code   RO         2497    x$fpl$basic         fz_wm.l(basic.o)
    0x08004d3c   0x08004d3c   0x00000062   Code   RO         2499    x$fpl$d2f           fz_wm.l(d2f.o)
    0x08004d9e   0x08004d9e   0x00000002   PAD
    0x08004da0   0x08004da0   0x00000150   Code   RO         2501    x$fpl$dadd          fz_wm.l(daddsub_clz.o)
    0x08004ef0   0x08004ef0   0x00000018   Code   RO         2593    x$fpl$dcmpinf       fz_wm.l(dcmpi.o)
    0x08004f08   0x08004f08   0x000002b0   Code   RO         2508    x$fpl$ddiv          fz_wm.l(ddiv.o)
    0x080051b8   0x080051b8   0x00000078   Code   RO         2511    x$fpl$dleqf         fz_wm.l(dleqf.o)
    0x08005230   0x08005230   0x00000154   Code   RO         2513    x$fpl$dmul          fz_wm.l(dmul.o)
    0x08005384   0x08005384   0x0000009c   Code   RO         2595    x$fpl$dnaninf       fz_wm.l(dnaninf.o)
    0x08005420   0x08005420   0x0000000c   Code   RO         2597    x$fpl$dretinf       fz_wm.l(dretinf.o)
    0x0800542c   0x0800542c   0x0000006c   Code   RO         2515    x$fpl$drleqf        fz_wm.l(drleqf.o)
    0x08005498   0x08005498   0x00000016   Code   RO         2502    x$fpl$drsb          fz_wm.l(daddsub_clz.o)
    0x080054ae   0x080054ae   0x00000002   PAD
    0x080054b0   0x080054b0   0x00000198   Code   RO         2599    x$fpl$dsqrt         fz_wm.l(dsqrt_umaal.o)
    0x08005648   0x08005648   0x000001d4   Code   RO         2503    x$fpl$dsub          fz_wm.l(daddsub_clz.o)
    0x0800581c   0x0800581c   0x00000056   Code   RO         2517    x$fpl$f2d           fz_wm.l(f2d.o)
    0x08005872   0x08005872   0x0000008c   Code   RO         2601    x$fpl$fnaninf       fz_wm.l(fnaninf.o)
    0x080058fe   0x080058fe   0x0000000a   Code   RO         2821    x$fpl$fpinit        fz_wm.l(fpinit.o)
    0x08005908   0x08005908   0x0000000a   Code   RO         2603    x$fpl$fretinf       fz_wm.l(fretinf.o)
    0x08005912   0x08005912   0x00000002   PAD
    0x08005914   0x08005914   0x00000060   Code   RO         2605    x$fpl$frnd          fz_wm.l(frnd.o)
    0x08005974   0x08005974   0x00000004   Code   RO         2519    x$fpl$printf1       fz_wm.l(printf1.o)
    0x08005978   0x08005978   0x00000000   Code   RO         2607    x$fpl$usenofp       fz_wm.l(usenofp.o)
    0x08005978   0x08005978   0x00000018   Data   RO         2159    .constdata          system_stm32f4xx.o
    0x08005990   0x08005990   0x00000050   Data   RO         2526    .constdata          m_wm.l(acos.o)
    0x080059e0   0x080059e0   0x00000098   Data   RO         2611    .constdata          m_wm.l(atan.o)
    0x08005a78   0x08005a78   0x00000008   Data   RO         2638    .constdata          m_wm.l(qnan.o)
    0x08005a80   0x08005a80   0x00000094   Data   RO         2677    .constdata          c_w.l(bigflt0.o)
    0x08005b14   0x08005b14   0x00000020   Data   RO         2914    Region$$Table       anon$$obj.o
    0x08005b34   0x08005b34   0x0000001c   Data   RO         2701    locale$$data        c_w.l(lc_numeric_c.o)


    Execution Region RW_IRAM1 (Exec base: 0x20000000, Load base: 0x08005b50, Size: 0x00000740, Max: 0x0001c000, ABSOLUTE)

    Exec Addr    Load Addr    Size         Type   Attr      Idx    E Section Name        Object

    0x20000000   0x08005b50   0x0000000c   Data   RW           22    .data               main.o
    0x2000000c   0x08005b5c   0x00000009   Data   RW         1553    .data               stm32f4xx_hal.o
    0x20000015   0x08005b65   0x00000003   PAD
    0x20000018   0x08005b68   0x00000004   Data   RW         2160    .data               system_stm32f4xx.o
    0x2000001c        -       0x000000c4   Zero   RW           21    .bss                main.o
    0x200000e0        -       0x00000060   Zero   RW         2727    .bss                c_w.l(libspace.o)
    0x20000140        -       0x00000200   Zero   RW            2    HEAP                startup_stm32f407xx.o
    0x20000340        -       0x00000400   Zero   RW            1    STACK               startup_stm32f407xx.o


    Execution Region RW_IRAM2 (Exec base: 0x2001c000, Load base: 0x08005b6c, Size: 0x00000000, Max: 0x00004000, ABSOLUTE)

    **** No section assigned to this execution region ****


==============================================================================

Image component sizes


      Code (inc. data)   RO Data    RW Data    ZI Data      Debug   Object Name

       696         44          0          0          0       4472   dm-motor_control.o
      1012         94          0          0          0       2630   dog_control.o
      1994        148          0         12        196     676432   main.o
        64         26        392          0       1536        856   startup_stm32f407xx.o
       212         36          0          9          0       9501   stm32f4xx_hal.o
      1700          4          0          0          0      13477   stm32f4xx_hal_can.o
       312         22          0          0          0      34419   stm32f4xx_hal_cortex.o
       212          0          0          0          0       1991   stm32f4xx_hal_dma.o
       500         46          0          0          0       1476   stm32f4xx_hal_gpio.o
       556         40          0          0          0       2547   stm32f4xx_hal_msp.o
      1820         84          0          0          0       5724   stm32f4xx_hal_rcc.o
      2400         14          0          0          0      12740   stm32f4xx_hal_uart.o
       130         36          0          0          0       7401   stm32f4xx_it.o
        20          6         24          4          0       1163   system_stm32f4xx.o

    ----------------------------------------------------------------------
     11640        600        448         28       1732     774829   Object Totals
         0          0         32          0          0          0   (incl. Generated)
        12          0          0          3          0          0   (incl. Padding)

    ----------------------------------------------------------------------

      Code (inc. data)   RO Data    RW Data    ZI Data      Debug   Library Member Name

        44          6          0          0          0         84   __2sprintf.o
         8          0          0          0          0         68   __main.o
       352          0          0          0          0         88   __printf_ss_wp.o
        14          0          0          0          0         68   __printf_wp.o
         0          0          0          0          0          0   __rtentry.o
        12          0          0          0          0          0   __rtentry2.o
         6          0          0          0          0          0   __rtentry4.o
        52          8          0          0          0          0   __scatter.o
        26          0          0          0          0          0   __scatter_copy.o
        28          0          0          0          0          0   __scatter_zi.o
        48          6          0          0          0         96   _printf_char_common.o
         6          0          0          0          0          0   _printf_f.o
      1054          0          0          0          0        216   _printf_fp_dec.o
       128         16          0          0          0         84   _printf_fp_infnan.o
         0          0          0          0          0          0   _printf_percent.o
         4          0          0          0          0          0   _printf_percent_end.o
        22          0          0          0          0        100   _rserrno.o
        10          0          0          0          0         68   _sputc.o
       228          4        148          0          0         96   bigflt0.o
      1936        128          0          0          0        672   btod.o
        18          0          0          0          0         80   exit.o
         6          0          0          0          0        152   heapauxi.o
         0          0          0          0          0          0   indicate_semi.o
        44         10         28          0          0         76   lc_numeric_c.o
         2          0          0          0          0          0   libinit.o
        22          0          0          0          0          0   libinit2.o
         2          0          0          0          0          0   libshutdown.o
         2          0          0          0          0          0   libshutdown2.o
         8          4          0          0         96         68   libspace.o
       138          0          0          0          0         80   lludiv10.o
       238          0          0          0          0        100   lludivv7m.o
         8          4          0          0          0         68   rt_errno_addr_intlibspace.o
         8          4          0          0          0         68   rt_locale_intlibspace.o
        78          0          0          0          0         80   rt_memclr_w.o
         2          0          0          0          0          0   rtexit.o
        10          0          0          0          0          0   rtexit2.o
       128          0          0          0          0         68   strcmpv7m.o
        12          4          0          0          0         68   sys_exit.o
        74          0          0          0          0         80   sys_stackheap_outer.o
         2          0          0          0          0         68   use_no_semi.o
        24          0          0          0          0        164   basic.o
        98          4          0          0          0        140   d2f.o
       826         16          0          0          0        492   daddsub_clz.o
        24          0          0          0          0        116   dcmpi.o
       688        140          0          0          0        256   ddiv.o
       120          4          0          0          0        140   dleqf.o
       340         12          0          0          0        152   dmul.o
       156          4          0          0          0        140   dnaninf.o
        12          0          0          0          0        116   dretinf.o
       108          0          0          0          0        128   drleqf.o
       408         56          0          0          0        168   dsqrt_umaal.o
        86          4          0          0          0        132   f2d.o
       140          4          0          0          0        132   fnaninf.o
        10          0          0          0          0        116   fpinit.o
        10          0          0          0          0        116   fretinf.o
        96          4          0          0          0        124   frnd.o
         4          0          0          0          0        116   printf1.o
         0          0          0          0          0          0   usenofp.o
       856        118         80          0          0        288   acos.o
       744        106        152          0          0        352   atan.o
       496         64          0          0          0        192   atan2.o
       104         16          0          0          0        496   dunder.o
        44          0          0          0          0        248   fabs.o
        48          0          0          0          0        124   fpclassify.o
       248          0          0          0          0        152   poly.o
         0          0          8          0          0          0   qnan.o
       154          0          0          0          0        140   roundf.o
       232          0          0          0          0        296   sqrt.o

    ----------------------------------------------------------------------
     10872        746        416          0         96       7732   Library Totals
        16          0          0          0          0          0   (incl. Padding)

    ----------------------------------------------------------------------

      Code (inc. data)   RO Data    RW Data    ZI Data      Debug   Library Name

      4780        194        176          0         96       2696   c_w.l
      3150        248          0          0          0       2748   fz_wm.l
      2926        304        240          0          0       2288   m_wm.l

    ----------------------------------------------------------------------
     10872        746        416          0         96       7732   Library Totals

    ----------------------------------------------------------------------

==============================================================================


      Code (inc. data)   RO Data    RW Data    ZI Data      Debug   

     22512       1346        864         28       1828     769905   Grand Totals
     22512       1346        864         28       1828     769905   ELF Image Totals
     22512       1346        864         28          0          0   ROM Totals

==============================================================================

    Total RO  Size (Code + RO Data)                23376 (  22.83kB)
    Total RW  Size (RW Data + ZI Data)              1856 (   1.81kB)
    Total ROM Size (Code + RO Data + RW Data)      23404 (  22.86kB)

==============================================================================

